{
  _type: 'element',
  tags: null,
  links: null,
  _stage: 'layouted',
  sourcePath: 'mkicsai.c4',
  description: {
    md: 'Рабочий процесс для обработки входных сообщений BIN.',
  },
  title: 'Обработка BIN',
  id: 'bin_worker_view',
  autoLayout: {
    direction: 'TB',
  },
  notation: {
    nodes: [
      {
        title: 'Рабочий процесс системы',
        shape: 'component',
        color: 'muted',
        kinds: [
          'worker',
        ],
      },
      {
        title: 'Контейнер системы',
        shape: 'rectangle',
        color: 'primary',
        kinds: [
          'container',
        ],
      },
      {
        title: 'Долговременное хранилище',
        shape: 'storage',
        color: 'indigo',
        kinds: [
          'storage',
        ],
      },
      {
        title: 'Хранилище логов',
        shape: 'storage',
        color: 'indigo',
        kinds: [
          'log_storage',
        ],
      },
      {
        title: 'Хранилище с кэшем.',
        shape: 'storage',
        color: 'indigo',
        kinds: [
          'cash_storage',
        ],
      },
    ],
  },
  hash: 'cy2uZnzKJtAXQON13bR1ctXicQP6fS8jH1-0YoPr-C8',
  bounds: {
    x: -12,
    y: -169,
    width: 2275,
    height: 991,
  },
  nodes: [
    {
      id: 'mkicsai',
      parent: null,
      level: 0,
      children: [
        'mkicsai.service',
      ],
      inEdges: [],
      outEdges: [
        't4tdwl',
        '230bii',
        'jouag0',
        '8pe9c9',
        'sllcrz',
      ],
      title: 'КИ-Ц САИ ПС.ИНП',
      modelRef: 'mkicsai',
      shape: 'rectangle',
      color: 'primary',
      style: {
        opacity: 10,
        size: 'xl',
      },
      description: {
        md: 'Концентратор информации центрального уровня предназначен для отслеживания \r\nв реальном времени прохождений железнодорожного подвижного состава через контрольные пункты.',
      },
      tags: [],
      notation: 'Контейнер системы',
      kind: 'container',
      depth: 2,
      x: 403,
      y: -149,
      width: 1378,
      height: 420,
      labelBBox: {
        x: 6,
        y: 0,
        width: 84,
        height: 15,
      },
    },
    {
      id: 'mkicsai.service',
      parent: 'mkicsai',
      level: 1,
      children: [
        'mkicsai.service.bin_worker',
        'mkicsai.service.ecma_worker',
      ],
      inEdges: [],
      outEdges: [
        't4tdwl',
        '230bii',
        'jouag0',
        '8pe9c9',
        'sllcrz',
      ],
      title: 'КИ-Ц САИ ПС.ИНП (сервис)',
      modelRef: 'mkicsai.service',
      shape: 'rectangle',
      color: 'primary',
      style: {
        opacity: 10,
        size: 'xl',
      },
      description: {
        txt: 'Управление рабочими процессами, логирование исключений, сбор данных для мониторинга.',
      },
      tags: [],
      notation: 'Контейнер системы',
      kind: 'container',
      depth: 1,
      x: 435,
      y: -96,
      width: 1314,
      height: 335,
      labelBBox: {
        x: 6,
        y: 0,
        width: 131,
        height: 15,
      },
    },
    {
      id: 'mkicsai.service.bin_worker',
      parent: 'mkicsai.service',
      level: 2,
      children: [],
      inEdges: [],
      outEdges: [
        't4tdwl',
        '1bndffp',
        'jouag0',
        '8pe9c9',
        'sllcrz',
      ],
      title: 'Обработка BIN',
      modelRef: 'mkicsai.service.bin_worker',
      shape: 'component',
      color: 'muted',
      style: {
        opacity: 10,
        size: 'lg',
      },
      description: {
        md: 'Чтение BIN сообщений, расшифровка и анализ, формирование 2033.\r\nСбор статистики для улучшения качества расшифровки.\r\nЗапись результаты в оперативные данные.',
      },
      tags: [],
      notation: 'Рабочий процесс системы',
      kind: 'worker',
      x: 475,
      y: -35,
      width: 491,
      height: 234,
      labelBBox: {
        x: 46,
        y: 45,
        width: 399,
        height: 141,
      },
    },
    {
      id: 'mkicsai.service.ecma_worker',
      parent: 'mkicsai.service',
      level: 2,
      children: [],
      inEdges: [
        '1bndffp',
      ],
      outEdges: [
        '230bii',
      ],
      title: 'Анализ ошибок и отправка в ECMA',
      modelRef: 'mkicsai.service.ecma_worker',
      shape: 'component',
      color: 'muted',
      style: {
        opacity: 10,
        size: 'lg',
      },
      description: {
        md: 'Анализ оперативных данных на наличие ошибок, анализ и отправка в ECMA.\r\nПрием ошибок непосредственно от рабочих процессов, анализ и отправка в ECMA.\r\nОтправка в ECMA сообщений о прекращении снятия ошибки сформированной ранее.',
      },
      tags: [],
      notation: 'Рабочий процесс системы',
      kind: 'worker',
      x: 1203,
      y: -35,
      width: 506,
      height: 234,
      labelBBox: {
        x: 46,
        y: 45,
        width: 414,
        height: 141,
      },
    },
    {
      id: 'storage',
      parent: null,
      level: 0,
      children: [
        'storage.operational_storage',
        'storage.external_storage',
        'storage.nsi_storage',
        'storage.stat_storage',
      ],
      inEdges: [
        't4tdwl',
        '230bii',
        'jouag0',
        '8pe9c9',
        'sllcrz',
      ],
      outEdges: [],
      title: 'Хранилище',
      modelRef: 'storage',
      shape: 'storage',
      color: 'indigo',
      style: {
        opacity: 10,
        size: 'lg',
      },
      tags: [],
      notation: 'Долговременное хранилище',
      kind: 'storage',
      depth: 1,
      x: 8,
      y: 467,
      width: 2235,
      height: 335,
      labelBBox: {
        x: 6,
        y: 0,
        width: 59,
        height: 15,
      },
    },
    {
      id: 'storage.operational_storage',
      parent: 'storage',
      level: 1,
      children: [],
      inEdges: [
        't4tdwl',
        '230bii',
      ],
      outEdges: [],
      title: 'Оперативные данные',
      modelRef: 'storage.operational_storage',
      shape: 'storage',
      color: 'indigo',
      style: {
        opacity: 10,
        size: 'lg',
      },
      description: {
        txt: 'Входящие сообщения, результаты расшифровки, результаты анализа ошибок, подготовленные сообщения 2033, сообщения ECMA.',
      },
      tags: [],
      notation: 'Хранилище логов',
      kind: 'log_storage',
      x: 1741,
      y: 528,
      width: 461,
      height: 234,
      labelBBox: {
        x: 26,
        y: 67,
        width: 409,
        height: 98,
      },
    },
    {
      id: 'storage.external_storage',
      parent: 'storage',
      level: 1,
      children: [],
      inEdges: [
        'jouag0',
      ],
      outEdges: [],
      title: 'Данные внешних сервисов',
      modelRef: 'storage.external_storage',
      shape: 'storage',
      color: 'indigo',
      style: {
        opacity: 10,
        size: 'lg',
      },
      description: {
        txt: 'Данные внешних сервисов, полученные из ЕС ПУЛ, ЕМД ПП',
      },
      tags: [],
      notation: 'Хранилище с кэшем.',
      kind: 'cash_storage',
      x: 48,
      y: 528,
      width: 436,
      height: 234,
      labelBBox: {
        x: 26,
        y: 77,
        width: 384,
        height: 77,
      },
    },
    {
      id: 'storage.nsi_storage',
      parent: 'storage',
      level: 1,
      children: [],
      inEdges: [
        '8pe9c9',
      ],
      outEdges: [],
      title: 'НСИ',
      modelRef: 'storage.nsi_storage',
      shape: 'storage',
      color: 'indigo',
      style: {
        opacity: 10,
        size: 'lg',
      },
      description: {
        txt: 'Хранилище данных для нормативно справочной информации.',
      },
      tags: [],
      notation: 'Долговременное хранилище',
      kind: 'storage',
      x: 594,
      y: 528,
      width: 456,
      height: 234,
      labelBBox: {
        x: 26,
        y: 77,
        width: 404,
        height: 77,
      },
    },
    {
      id: 'storage.stat_storage',
      parent: 'storage',
      level: 1,
      children: [],
      inEdges: [
        'sllcrz',
      ],
      outEdges: [],
      title: 'Статистика',
      modelRef: 'storage.stat_storage',
      shape: 'storage',
      color: 'indigo',
      style: {
        opacity: 10,
        size: 'lg',
      },
      description: {
        txt: 'Хранилище статистических для улучшения качества расшифровки прохождения подвижного состава.',
      },
      tags: [],
      notation: 'Долговременное хранилище',
      kind: 'storage',
      x: 1160,
      y: 528,
      width: 471,
      height: 234,
      labelBBox: {
        x: 26,
        y: 67,
        width: 419,
        height: 98,
      },
    },
  ],
  edges: [
    {
      id: 't4tdwl',
      source: 'mkicsai.service.bin_worker',
      target: 'storage.operational_storage',
      label: 'Чтение/запись',
      points: [
        [
          1477,
          356,
        ],
        [
          1546,
          391,
        ],
        [
          1620,
          429,
        ],
        [
          1687,
          467,
        ],
        [
          1720,
          486,
        ],
        [
          1755,
          506,
        ],
        [
          1788,
          527,
        ],
      ],
      labelBBox: {
        x: 1436,
        y: 367,
        width: 101,
        height: 18,
      },
      parent: null,
      relations: [
        'lry88n',
      ],
      color: 'gray',
      line: 'dashed',
      head: 'normal',
      controlPoints: [
        {
          x: 1302,
          y: 325,
        },
        {
          x: 1491,
          y: 408,
        },
      ],
    },
    {
      id: '1bndffp',
      source: 'mkicsai.service.bin_worker',
      target: 'mkicsai.service.ecma_worker',
      label: 'Пересылка ошибки',
      points: [
        [
          967,
          82,
        ],
        [
          1039,
          82,
        ],
        [
          1119,
          82,
        ],
        [
          1193,
          82,
        ],
      ],
      labelBBox: {
        x: 1022,
        y: 58,
        width: 125,
        height: 18,
      },
      parent: 'mkicsai.service',
      relations: [
        'nqlq3a',
      ],
      color: 'gray',
      line: 'dashed',
      head: 'normal',
      controlPoints: [
        {
          x: 1079,
          y: 82,
        },
      ],
    },
    {
      id: '230bii',
      source: 'mkicsai.service.ecma_worker',
      target: 'storage.operational_storage',
      label: 'Чтение/Анализ',
      points: [
        [
          1972,
          356,
        ],
        [
          1972,
          407,
        ],
        [
          1972,
          466,
        ],
        [
          1972,
          517,
        ],
      ],
      labelBBox: {
        x: 1708,
        y: 356,
        width: 101,
        height: 18,
      },
      parent: null,
      relations: [
        'k4049p',
      ],
      color: 'gray',
      line: 'dashed',
      head: 'normal',
      controlPoints: [
        {
          x: 1706,
          y: 355,
        },
      ],
    },
    {
      id: 'jouag0',
      source: 'mkicsai.service.bin_worker',
      target: 'storage.external_storage',
      label: 'Чтение',
      points: [
        [
          992,
          303,
        ],
        [
          855,
          342,
        ],
        [
          684,
          398,
        ],
        [
          539,
          467,
        ],
        [
          504,
          484,
        ],
        [
          468,
          505,
        ],
        [
          434,
          526,
        ],
      ],
      labelBBox: {
        x: 406,
        y: 379,
        width: 51,
        height: 18,
      },
      parent: null,
      relations: [
        'd4ns1c',
      ],
      color: 'gray',
      line: 'dashed',
      head: 'normal',
      controlPoints: [
        {
          x: 489,
          y: 288,
        },
        {
          x: 358,
          y: 456,
        },
      ],
    },
    {
      id: '8pe9c9',
      source: 'mkicsai.service.bin_worker',
      target: 'storage.nsi_storage',
      label: 'Чтение',
      points: [
        [
          1118,
          356,
        ],
        [
          1065,
          408,
        ],
        [
          1003,
          468,
        ],
        [
          950,
          520,
        ],
      ],
      labelBBox: {
        x: 768,
        y: 357,
        width: 51,
        height: 18,
      },
      parent: null,
      relations: [
        '1udmiyg',
      ],
      color: 'gray',
      line: 'dashed',
      head: 'normal',
      controlPoints: [
        {
          x: 770,
          y: 358,
        },
      ],
    },
    {
      id: 'sllcrz',
      source: 'mkicsai.service.bin_worker',
      target: 'storage.stat_storage',
      label: 'Чтение/Запись',
      points: [
        [
          1283,
          356,
        ],
        [
          1302,
          407,
        ],
        [
          1326,
          466,
        ],
        [
          1346,
          518,
        ],
      ],
      labelBBox: {
        x: 1061,
        y: 357,
        width: 101,
        height: 18,
      },
      parent: null,
      relations: [
        '3ha2bd',
      ],
      color: 'gray',
      line: 'dashed',
      head: 'normal',
      controlPoints: [
        {
          x: 1074,
          y: 377,
        },
      ],
    },
  ],
  _layout: 'manual',
}
