{
  _type: 'element',
  tags: null,
  links: null,
  _stage: 'layouted',
  sourcePath: 'mkicsai.c4',
  description: {
    md: 'Концентратор информации центрального уровня предназначен для отслеживания \r\nв реальном времени прохождений железнодорожного подвижного состава через \r\nконтрольные пункты.',
  },
  title: 'КИ-Ц САИ ПС.ИНП (ландшафт)',
  id: 'index',
  autoLayout: {
    direction: 'TB',
  },
  notation: {
    nodes: [
      {
        title: 'Внешний сервис',
        shape: 'component',
        color: 'gray',
        kinds: [
          'external_service',
        ],
      },
      {
        title: 'Пользователи системы',
        shape: 'person',
        color: 'green',
        kinds: [
          'staff',
        ],
      },
      {
        title: 'Контейнер системы',
        shape: 'rectangle',
        color: 'primary',
        kinds: [
          'container',
        ],
      },
    ],
  },
  hash: '2qFFHZoD_R0sAY0N42CApxlLslPtB3FaflgKiNqXoEM',
  bounds: {
    x: 603,
    y: -545,
    width: 1752,
    height: 2236,
  },
  nodes: [
    {
      id: 'staff',
      parent: null,
      level: 0,
      children: [
        'staff.admin',
        'staff.operator',
      ],
      inEdges: [],
      outEdges: [
        '1jcuvyt',
        '12yvc0q',
      ],
      title: 'Пользователи системы',
      modelRef: 'staff',
      shape: 'person',
      color: 'green',
      style: {
        opacity: 10,
        size: 'md',
      },
      tags: [],
      notation: 'Пользователи системы',
      kind: 'staff',
      depth: 1,
      x: 623,
      y: -461,
      width: 493,
      height: 573,
      labelBBox: {
        x: 6,
        y: 0,
        width: 123,
        height: 15,
      },
      navigateTo: null,
      links: null,
    },
    {
      id: 'staff.admin',
      parent: 'staff',
      level: 1,
      children: [],
      inEdges: [],
      outEdges: [
        '1jcuvyt',
      ],
      title: 'Администраторы системы',
      modelRef: 'staff.admin',
      shape: 'person',
      color: 'green',
      style: {
        opacity: 10,
        size: 'md',
      },
      description: {
        txt: 'Анализ работы и настройка системы. Управление доступом к системе.',
      },
      tags: [],
      notation: 'Пользователи системы',
      kind: 'staff',
      x: 684,
      y: -110,
      width: 390,
      height: 180,
      labelBBox: {
        x: 18,
        y: 56,
        width: 354,
        height: 65,
      },
      navigateTo: null,
      links: null,
    },
    {
      id: 'staff.operator',
      parent: 'staff',
      level: 1,
      children: [],
      inEdges: [],
      outEdges: [
        '12yvc0q',
      ],
      title: 'Операторы',
      modelRef: 'staff.operator',
      shape: 'person',
      color: 'green',
      style: {
        opacity: 10,
        size: 'md',
      },
      description: {
        txt: 'Анализ работы и сбоев оборудования, анализ качества распознавания прохождения подвижного состава.',
      },
      tags: [],
      notation: 'Пользователи системы',
      kind: 'staff',
      x: 665,
      y: -401,
      width: 402,
      height: 180,
      labelBBox: {
        x: 18,
        y: 47,
        width: 367,
        height: 83,
      },
      navigateTo: null,
      links: null,
    },
    {
      id: 'mkicsai',
      parent: null,
      level: 0,
      children: [
        'mkicsai.app',
        'mkicsai.service',
      ],
      inEdges: [
        '1jcuvyt',
        '12yvc0q',
      ],
      outEdges: [
        'dvakq1',
        'dvatvf',
        'dvax7k',
        'zb90lg',
        'zb97sl',
        'avmwy9',
        '1botufo',
      ],
      title: 'КИ-Ц САИ ПС.ИНП',
      modelRef: 'mkicsai',
      shape: 'rectangle',
      color: 'primary',
      style: {
        opacity: 10,
        size: 'xl',
      },
      description: {
        md: 'Концентратор информации центрального уровня предназначен для отслеживания \r\nв реальном времени прохождений железнодорожного подвижного состава через контрольные пункты.',
      },
      tags: [],
      notation: 'Контейнер системы',
      kind: 'container',
      depth: 1,
      x: 909,
      y: 303,
      width: 1408,
      height: 391,
      labelBBox: {
        x: 6,
        y: 0,
        width: 84,
        height: 15,
      },
      navigateTo: null,
      links: null,
    },
    {
      id: 'mkicsai.app',
      parent: 'mkicsai',
      level: 1,
      children: [],
      inEdges: [
        '1jcuvyt',
        '12yvc0q',
      ],
      outEdges: [
        'rnt6om',
      ],
      title: 'КИ-Ц САИ ПС.ИНП (приложение)',
      modelRef: 'mkicsai.app',
      shape: 'rectangle',
      color: 'primary',
      style: {
        opacity: 10,
        size: 'xl',
      },
      description: {
        txt: 'Приложение для управления работой системы, анализа работы оборудования и локомотивов, анализа качества распознавания прохождения подвижного состава.',
      },
      tags: [],
      notation: 'Контейнер системы',
      kind: 'container',
      x: 949,
      y: 364,
      width: 544,
      height: 290,
      labelBBox: {
        x: 34,
        y: 74,
        width: 477,
        height: 138,
      },
      navigateTo: null,
      links: null,
    },
    {
      id: 'mkicsai.service',
      parent: 'mkicsai',
      level: 1,
      children: [],
      inEdges: [
        'rnt6om',
      ],
      outEdges: [
        'dvakq1',
        'dvatvf',
        'dvax7k',
        'zb90lg',
        'zb97sl',
        'avmwy9',
        '1botufo',
      ],
      title: 'КИ-Ц САИ ПС.ИНП (сервис)',
      modelRef: 'mkicsai.service',
      shape: 'rectangle',
      color: 'primary',
      style: {
        opacity: 10,
        size: 'xl',
      },
      description: {
        txt: 'Сервис для обработки входных сообщений и формирования выходных сообщений.',
      },
      tags: [],
      notation: 'Контейнер системы',
      kind: 'container',
      x: 1757,
      y: 364,
      width: 520,
      height: 290,
      labelBBox: {
        x: 39,
        y: 99,
        width: 442,
        height: 88,
      },
      navigateTo: null,
      links: null,
    },
    {
      id: 'external',
      parent: null,
      level: 0,
      children: [
        'external.nsi',
        'external.esp',
        'external.aso',
      ],
      inEdges: [
        'dvakq1',
        'dvatvf',
        'dvax7k',
      ],
      outEdges: [],
      title: 'Внешние сервисы',
      modelRef: 'external',
      shape: 'component',
      color: 'gray',
      style: {
        opacity: 10,
        size: 'md',
      },
      tags: [],
      notation: 'Внешний сервис',
      kind: 'external_service',
      depth: 1,
      x: 656,
      y: 772,
      width: 524,
      height: 899,
      labelBBox: {
        x: 6,
        y: 0,
        width: 93,
        height: 15,
      },
      navigateTo: null,
      links: null,
    },
    {
      id: 'provider',
      parent: null,
      level: 0,
      children: [
        'provider.source',
        'provider.bin',
        'provider.sts',
      ],
      inEdges: [
        'zb90lg',
        'zb97sl',
      ],
      outEdges: [],
      title: 'Поставщики данных',
      modelRef: 'provider',
      shape: 'component',
      color: 'gray',
      style: {
        opacity: 10,
        size: 'md',
      },
      tags: [],
      notation: 'Внешний сервис',
      kind: 'external_service',
      depth: 1,
      x: 1372,
      y: -525,
      width: 924,
      height: 664,
      labelBBox: {
        x: 6,
        y: 0,
        width: 105,
        height: 15,
      },
      navigateTo: null,
      links: null,
    },
    {
      id: 'consumer',
      parent: null,
      level: 0,
      children: [
        'consumer.m2033',
        'consumer.ecma',
        'consumer.target',
      ],
      inEdges: [
        'avmwy9',
        '1botufo',
      ],
      outEdges: [],
      title: 'Потребители данных',
      modelRef: 'consumer',
      shape: 'component',
      color: 'gray',
      style: {
        opacity: 10,
        size: 'md',
      },
      tags: [],
      notation: 'Внешний сервис',
      kind: 'external_service',
      depth: 1,
      x: 1372,
      y: 1061,
      width: 963,
      height: 600,
      labelBBox: {
        x: 6,
        y: 0,
        width: 111,
        height: 15,
      },
      navigateTo: null,
      links: null,
    },
    {
      id: 'external.nsi',
      parent: 'external',
      level: 1,
      children: [],
      inEdges: [
        'dvakq1',
      ],
      outEdges: [],
      title: 'Нормативно справочная информация',
      modelRef: 'external.nsi',
      shape: 'component',
      color: 'gray',
      style: {
        opacity: 10,
        size: 'md',
      },
      description: {
        txt: 'Получение нормативно справочной информации о дорогах и станциях.',
      },
      tags: [],
      notation: 'Внешний сервис',
      kind: 'external_service',
      x: 708,
      y: 1449,
      width: 430,
      height: 180,
      labelBBox: {
        x: 38,
        y: 56,
        width: 354,
        height: 65,
      },
      navigateTo: null,
      links: null,
    },
    {
      id: 'external.esp',
      parent: 'external',
      level: 1,
      children: [],
      inEdges: [
        'dvatvf',
      ],
      outEdges: [],
      title: 'ЕС ПУЛ',
      modelRef: 'external.esp',
      shape: 'component',
      color: 'gray',
      style: {
        opacity: 10,
        size: 'md',
      },
      description: {
        txt: 'Получение информации о локомотивах и самодвижущемся подвижном составе (СПС).',
      },
      tags: [],
      notation: 'Внешний сервис',
      kind: 'external_service',
      x: 702,
      y: 832,
      width: 381,
      height: 180,
      labelBBox: {
        x: 38,
        y: 56,
        width: 306,
        height: 65,
      },
      navigateTo: null,
      links: null,
    },
    {
      id: 'external.aso',
      parent: 'external',
      level: 1,
      children: [],
      inEdges: [
        'dvax7k',
      ],
      outEdges: [],
      title: 'ЕМД ПП',
      modelRef: 'external.aso',
      shape: 'component',
      color: 'gray',
      style: {
        opacity: 10,
        size: 'md',
      },
      description: {
        txt: 'Получение информации о предполагаемом времени прохождения и составе подвижного состава через остановочные пункты.',
      },
      tags: [],
      notation: 'Внешний сервис',
      kind: 'external_service',
      x: 698,
      y: 1188,
      width: 438,
      height: 180,
      labelBBox: {
        x: 38,
        y: 47,
        width: 362,
        height: 83,
      },
      navigateTo: null,
      links: null,
    },
    {
      id: 'provider.source',
      parent: 'provider',
      level: 1,
      children: [],
      inEdges: [],
      outEdges: [
        'poihsi',
        'pohyw3',
      ],
      title: 'КИЛ',
      modelRef: 'provider.source',
      shape: 'component',
      color: 'gray',
      style: {
        opacity: 10,
        size: 'md',
      },
      description: {
        txt: 'Концентраторы информации линейного уровня.',
      },
      tags: [],
      notation: 'Внешний сервис',
      kind: 'external_service',
      x: 1491,
      y: -464,
      width: 413,
      height: 180,
      labelBBox: {
        x: 38,
        y: 65,
        width: 337,
        height: 47,
      },
      navigateTo: null,
      links: null,
    },
    {
      id: 'consumer.m2033',
      parent: 'consumer',
      level: 1,
      children: [],
      inEdges: [
        'avmwy9',
      ],
      outEdges: [
        'gr3tx0',
      ],
      title: 'Сообщения 2033',
      modelRef: 'consumer.m2033',
      shape: 'queue',
      color: 'gray',
      style: {
        opacity: 10,
        size: 'md',
      },
      description: {
        txt: 'Очередь выходных сообщений в формате 2033 о прохождении подвижного состава через контрольные пункты.',
      },
      tags: [],
      kind: 'external_queue',
      x: 1412,
      y: 1122,
      width: 381,
      height: 172,
      labelBBox: {
        x: 22,
        y: 43,
        width: 337,
        height: 83,
      },
      navigateTo: null,
      links: null,
    },
    {
      id: 'consumer.ecma',
      parent: 'consumer',
      level: 1,
      children: [],
      inEdges: [
        '1botufo',
      ],
      outEdges: [
        '1jhhgdt',
      ],
      title: 'Сообщения ECMA',
      modelRef: 'consumer.ecma',
      shape: 'queue',
      color: 'gray',
      style: {
        opacity: 10,
        size: 'md',
      },
      description: {
        txt: 'Очередь выходных сообщений в формате ECMA о сбоях и ошибках в работе оборудования.',
      },
      tags: [],
      kind: 'external_queue',
      x: 1903,
      y: 1122,
      width: 391,
      height: 172,
      labelBBox: {
        x: 22,
        y: 52,
        width: 347,
        height: 65,
      },
      navigateTo: null,
      links: null,
    },
    {
      id: 'provider.bin',
      parent: 'provider',
      level: 1,
      children: [],
      inEdges: [
        'zb90lg',
        'poihsi',
      ],
      outEdges: [],
      title: 'Сообщения BIN',
      modelRef: 'provider.bin',
      shape: 'queue',
      color: 'gray',
      style: {
        opacity: 10,
        size: 'md',
      },
      description: {
        txt: 'Очередь входных сообщений о прохождении подвижного состава через контрольные пункты.',
      },
      tags: [],
      kind: 'external_queue',
      x: 1412,
      y: -73,
      width: 393,
      height: 172,
      labelBBox: {
        x: 22,
        y: 52,
        width: 350,
        height: 65,
      },
      navigateTo: null,
      links: null,
    },
    {
      id: 'provider.sts',
      parent: 'provider',
      level: 1,
      children: [],
      inEdges: [
        'zb97sl',
        'pohyw3',
      ],
      outEdges: [],
      title: 'Сообщения STS',
      modelRef: 'provider.sts',
      shape: 'queue',
      color: 'gray',
      style: {
        opacity: 10,
        size: 'md',
      },
      description: {
        txt: 'Очередь входных сообщений о состоянии оборудования и локомотивов.',
      },
      tags: [],
      kind: 'external_queue',
      x: 1916,
      y: -73,
      width: 339,
      height: 172,
      labelBBox: {
        x: 22,
        y: 52,
        width: 296,
        height: 65,
      },
      navigateTo: null,
      links: null,
    },
    {
      id: 'consumer.target',
      parent: 'consumer',
      level: 1,
      children: [],
      inEdges: [
        'gr3tx0',
        '1jhhgdt',
      ],
      outEdges: [],
      title: 'Системы и сервисы ОАО "РЖД"',
      modelRef: 'consumer.target',
      shape: 'component',
      color: 'gray',
      style: {
        opacity: 10,
        size: 'md',
      },
      description: {
        txt: 'Потребители данных, системы и сервисы ОАО "РЖД".',
      },
      tags: [],
      notation: 'Внешний сервис',
      kind: 'external_service',
      x: 1590,
      y: 1441,
      width: 396,
      height: 180,
      labelBBox: {
        x: 38,
        y: 56,
        width: 321,
        height: 65,
      },
      navigateTo: null,
      links: null,
    },
  ],
  edges: [
    {
      id: 'rnt6om',
      parent: 'mkicsai',
      source: 'mkicsai.app',
      target: 'mkicsai.service',
      label: 'Управление и отладка',
      relations: [
        'i4ae2u',
      ],
      color: 'gray',
      line: 'dashed',
      head: 'normal',
      points: [
        [
          1493,
          509,
        ],
        [
          1575,
          509,
        ],
        [
          1665,
          509,
        ],
        [
          1747,
          509,
        ],
      ],
      labelBBox: {
        x: 1549,
        y: 484,
        width: 152,
        height: 18,
      },
      controlPoints: [
        {
          x: 1620,
          y: 509,
        },
      ],
      navigateTo: null,
      tags: null,
    },
    {
      id: '1jcuvyt',
      parent: null,
      source: 'staff.admin',
      target: 'mkicsai.app',
      label: 'Управление',
      relations: [
        '7iox0l',
      ],
      color: 'gray',
      line: 'dashed',
      head: 'normal',
      points: [
        [
          819,
          249,
        ],
        [
          851,
          292,
        ],
        [
          891,
          344,
        ],
        [
          928,
          393,
        ],
      ],
      labelBBox: {
        x: 1024,
        y: 199,
        width: 82,
        height: 18,
      },
      controlPoints: [
        {
          x: 1033,
          y: 217,
        },
      ],
      navigateTo: null,
      tags: null,
    },
    {
      id: '12yvc0q',
      parent: null,
      source: 'staff.operator',
      target: 'mkicsai.app',
      label: 'Анализ и настройка',
      relations: [
        '1vb8rv1',
      ],
      color: 'gray',
      line: 'dashed',
      head: 'normal',
      points: [
        [
          1208,
          249,
        ],
        [
          1185,
          292,
        ],
        [
          1156,
          344,
        ],
        [
          1128,
          392,
        ],
      ],
      labelBBox: {
        x: 1004,
        y: 6,
        width: 136,
        height: 18,
      },
      controlPoints: [
        {
          x: 1010,
          y: 22,
        },
      ],
      navigateTo: null,
      tags: null,
    },
    {
      id: 'dvakq1',
      parent: null,
      source: 'mkicsai.service',
      target: 'external.nsi',
      label: 'Чтение',
      relations: [
        '640d30',
      ],
      color: 'gray',
      line: 'dashed',
      head: 'normal',
      points: [
        [
          1639,
          691,
        ],
        [
          1571,
          740,
        ],
        [
          1496,
          794,
        ],
        [
          1435,
          838,
        ],
      ],
      labelBBox: {
        x: 1437,
        y: 1054,
        width: 51,
        height: 18,
      },
      controlPoints: [
        {
          x: 1464,
          y: 1026,
        },
      ],
      navigateTo: null,
      tags: null,
    },
    {
      id: 'dvatvf',
      parent: null,
      source: 'mkicsai.service',
      target: 'external.esp',
      label: 'Чтение',
      relations: [
        'kac7vz',
      ],
      color: 'gray',
      line: 'dashed',
      head: 'normal',
      points: [
        [
          1579,
          666,
        ],
        [
          1512,
          692,
        ],
        [
          1440,
          716,
        ],
        [
          1370,
          731,
        ],
        [
          1177,
          773,
        ],
        [
          673,
          723,
        ],
        [
          485,
          782,
        ],
        [
          444,
          795,
        ],
        [
          404,
          816,
        ],
        [
          367,
          838,
        ],
      ],
      labelBBox: {
        x: 1269,
        y: 731,
        width: 51,
        height: 18,
      },
      controlPoints: [
        {
          x: 1765,
          y: 669,
        },
        {
          x: 1403,
          y: 726,
        },
        {
          x: 1014,
          y: 790,
        },
      ],
      navigateTo: null,
      tags: null,
    },
    {
      id: 'dvax7k',
      parent: null,
      source: 'mkicsai.service',
      target: 'external.aso',
      label: 'Чтение',
      relations: [
        '1vjkppq',
      ],
      color: 'gray',
      line: 'dashed',
      head: 'normal',
      points: [
        [
          1579,
          661,
        ],
        [
          1512,
          687,
        ],
        [
          1439,
          713,
        ],
        [
          1370,
          731,
        ],
        [
          1224,
          770,
        ],
        [
          1177,
          734,
        ],
        [
          1033,
          782,
        ],
        [
          991,
          796,
        ],
        [
          947,
          817,
        ],
        [
          908,
          838,
        ],
      ],
      labelBBox: {
        x: 1411,
        y: 915,
        width: 51,
        height: 18,
      },
      controlPoints: [
        {
          x: 1645,
          y: 791,
        },
        {
          x: 1373,
          y: 935,
        },
        {
          x: 1155,
          y: 1042,
        },
      ],
      navigateTo: null,
      tags: null,
    },
    {
      id: 'zb90lg',
      parent: null,
      source: 'mkicsai.service',
      target: 'provider.bin',
      label: 'Чтение',
      relations: [
        'r1cxel',
      ],
      color: 'gray',
      line: 'dashed',
      head: 'normal',
      points: [
        [
          2099,
          663,
        ],
        [
          2207,
          705,
        ],
        [
          2334,
          749,
        ],
        [
          2454,
          774,
        ],
        [
          2517,
          787,
        ],
        [
          2537,
          764,
        ],
        [
          2598,
          782,
        ],
        [
          2643,
          795,
        ],
        [
          2689,
          818,
        ],
        [
          2729,
          842,
        ],
      ],
      labelBBox: {
        x: 1787,
        y: 190,
        width: 51,
        height: 18,
      },
      controlPoints: [
        {
          x: 1834,
          y: 306,
        },
        {
          x: 1761,
          y: 156,
        },
        {
          x: 1719,
          y: 72,
        },
      ],
      navigateTo: null,
      tags: null,
    },
    {
      id: 'poihsi',
      parent: 'provider',
      source: 'provider.source',
      target: 'provider.bin',
      label: 'Запись',
      relations: [
        '1bd5f2e',
      ],
      color: 'gray',
      line: 'dashed',
      head: 'normal',
      points: [
        [
          1677,
          -284,
        ],
        [
          1664,
          -224,
        ],
        [
          1645,
          -144,
        ],
        [
          1631,
          -83,
        ],
      ],
      labelBBox: {
        x: 1652,
        y: -168,
        width: 51,
        height: 18,
      },
      controlPoints: [
        {
          x: 1644,
          y: -142,
        },
      ],
      navigateTo: null,
      tags: null,
    },
    {
      id: 'zb97sl',
      parent: null,
      source: 'mkicsai.service',
      target: 'provider.sts',
      label: 'Чтение',
      relations: [
        '1m8izh3',
      ],
      color: 'gray',
      line: 'dashed',
      head: 'normal',
      points: [
        [
          2099,
          625,
        ],
        [
          2294,
          680,
        ],
        [
          2570,
          747,
        ],
        [
          2817,
          774,
        ],
        [
          2850,
          778,
        ],
        [
          3079,
          772,
        ],
        [
          3110,
          782,
        ],
        [
          3151,
          795,
        ],
        [
          3191,
          818,
        ],
        [
          3226,
          842,
        ],
      ],
      labelBBox: {
        x: 2086,
        y: 138,
        width: 51,
        height: 18,
      },
      controlPoints: [
        {
          x: 2040,
          y: 317,
        },
        {
          x: 2092,
          y: 101,
        },
        {
          x: 2115,
          y: -9,
        },
      ],
      navigateTo: null,
      tags: null,
    },
    {
      id: 'pohyw3',
      parent: 'provider',
      source: 'provider.source',
      target: 'provider.sts',
      label: 'Запись',
      relations: [
        'q15sls',
      ],
      color: 'gray',
      line: 'dashed',
      head: 'normal',
      points: [
        [
          1788,
          -284,
        ],
        [
          1849,
          -223,
        ],
        [
          1931,
          -141,
        ],
        [
          1993,
          -80,
        ],
      ],
      labelBBox: {
        x: 1916,
        y: -168,
        width: 51,
        height: 18,
      },
      controlPoints: [
        {
          x: 1788,
          y: -283,
        },
      ],
      navigateTo: null,
      tags: null,
    },
    {
      id: 'avmwy9',
      parent: null,
      source: 'mkicsai.service',
      target: 'consumer.m2033',
      label: 'Запись',
      relations: [
        '94heh4',
      ],
      color: 'gray',
      line: 'dashed',
      head: 'normal',
      points: [
        [
          1839,
          691,
        ],
        [
          1839,
          740,
        ],
        [
          1839,
          793,
        ],
        [
          1839,
          837,
        ],
      ],
      labelBBox: {
        x: 1797,
        y: 878,
        width: 51,
        height: 18,
      },
      controlPoints: [
        {
          x: 1781,
          y: 902,
        },
      ],
      navigateTo: null,
      tags: null,
    },
    {
      id: 'gr3tx0',
      parent: 'consumer',
      source: 'consumer.m2033',
      target: 'consumer.target',
      label: 'Чтение и анализ',
      relations: [
        '12478zl',
      ],
      color: 'gray',
      line: 'dashed',
      head: 'normal',
      points: [
        [
          1652,
          1294,
        ],
        [
          1676,
          1336,
        ],
        [
          1706,
          1388,
        ],
        [
          1732,
          1432,
        ],
      ],
      labelBBox: {
        x: 1702,
        y: 1359,
        width: 113,
        height: 18,
      },
      controlPoints: [
        {
          x: 1691,
          y: 1362,
        },
      ],
      navigateTo: null,
      tags: null,
    },
    {
      id: '1botufo',
      parent: null,
      source: 'mkicsai.service',
      target: 'consumer.ecma',
      label: 'Запись',
      relations: [
        '4pjur3',
      ],
      color: 'gray',
      line: 'dashed',
      head: 'normal',
      points: [
        [
          2024,
          691,
        ],
        [
          2089,
          741,
        ],
        [
          2160,
          796,
        ],
        [
          2218,
          841,
        ],
      ],
      labelBBox: {
        x: 2067,
        y: 882,
        width: 51,
        height: 18,
      },
      controlPoints: [
        {
          x: 2063,
          y: 907,
        },
      ],
      navigateTo: null,
      tags: null,
    },
    {
      id: '1jhhgdt',
      parent: 'consumer',
      source: 'consumer.ecma',
      target: 'consumer.target',
      label: 'Чтение и анализ',
      relations: [
        '1mc72ar',
      ],
      color: 'gray',
      line: 'dashed',
      head: 'normal',
      points: [
        [
          2017,
          1294,
        ],
        [
          1975,
          1337,
        ],
        [
          1924,
          1389,
        ],
        [
          1881,
          1434,
        ],
      ],
      labelBBox: {
        x: 1954,
        y: 1359,
        width: 113,
        height: 18,
      },
      controlPoints: [
        {
          x: 1997,
          y: 1313,
        },
      ],
      navigateTo: null,
      tags: null,
    },
  ],
  _layout: 'manual',
}
