{
  _type: 'element',
  tags: null,
  links: null,
  _stage: 'layouted',
  sourcePath: 'mkicsai.c4',
  description: {
    md: 'Концентратор информации центрального уровня предназначен для отслеживания \nв реальном времени прохождений железнодорожного подвижного состава через \nконтрольные пункты.',
  },
  title: 'КИ-Ц САИ ПС.ИНП (ландшафт)',
  id: 'index',
  autoLayout: {
    direction: 'LR',
    nodeSep: 100,
    rankSep: 120,
  },
  notation: {
    nodes: [
      {
        title: 'Внешний сервис',
        shape: 'component',
        color: 'gray',
        kinds: [
          'external_service',
        ],
      },
      {
        title: 'Пользователи системы',
        shape: 'person',
        color: 'green',
        kinds: [
          'staff',
        ],
      },
      {
        title: 'Контейнер системы',
        shape: 'rectangle',
        color: 'primary',
        kinds: [
          'container',
        ],
      },
    ],
  },
  hash: 'P3dpijrBgwcFUbGLMiKO-a73NvdonFUxh1_KuqVdxFY',
  bounds: {
    x: -73,
    y: 425,
    width: 2494,
    height: 1613,
  },
  nodes: [
    {
      id: 'staff',
      parent: null,
      level: 0,
      children: [
        'staff.admin',
        'staff.operator',
      ],
      inEdges: [],
      outEdges: [
        '1jcuvyt',
        '12yvc0q',
      ],
      title: 'Пользователи системы',
      modelRef: 'staff',
      shape: 'person',
      color: 'green',
      style: {
        opacity: 10,
        size: 'md',
      },
      tags: [],
      notation: 'Пользователи системы',
      kind: 'staff',
      depth: 1,
      x: -53,
      y: 766,
      width: 504,
      height: 887,
      labelBBox: {
        x: 6,
        y: 0,
        width: 123,
        height: 15,
      },
      navigateTo: null,
      links: null,
    },
    {
      id: 'staff.admin',
      parent: 'staff',
      level: 1,
      children: [],
      inEdges: [],
      outEdges: [
        '1jcuvyt',
      ],
      title: 'Администраторы системы',
      modelRef: 'staff.admin',
      shape: 'person',
      color: 'green',
      style: {
        opacity: 10,
        size: 'md',
      },
      description: {
        txt: 'Анализ работы и настройка системы. Управление доступом к системе.',
      },
      tags: [],
      notation: 'Пользователи системы',
      kind: 'staff',
      x: -11,
      y: 826,
      width: 390,
      height: 180,
      labelBBox: {
        x: 18,
        y: 56,
        width: 354,
        height: 65,
      },
      navigateTo: null,
      links: null,
    },
    {
      id: 'staff.operator',
      parent: 'staff',
      level: 1,
      children: [],
      inEdges: [],
      outEdges: [
        '12yvc0q',
      ],
      title: 'Операторы',
      modelRef: 'staff.operator',
      shape: 'person',
      color: 'green',
      style: {
        opacity: 10,
        size: 'md',
      },
      description: {
        txt: 'Анализ работы и сбоев оборудования, анализ качества распознавания прохождения подвижного состава.',
      },
      tags: [],
      notation: 'Пользователи системы',
      kind: 'staff',
      x: 7,
      y: 1431,
      width: 402,
      height: 180,
      labelBBox: {
        x: 18,
        y: 47,
        width: 367,
        height: 83,
      },
      navigateTo: null,
      links: null,
    },
    {
      id: 'mkicsai',
      parent: null,
      level: 0,
      children: [
        'mkicsai.app',
        'mkicsai.service',
      ],
      inEdges: [
        '1jcuvyt',
        '12yvc0q',
      ],
      outEdges: [
        'dvakq1',
        'dvatvf',
        'dvax7k',
        'zb90lg',
        'zb97sl',
        'avmwy9',
        '1botufo',
      ],
      title: 'КИ-Ц САИ ПС.ИНП',
      modelRef: 'mkicsai',
      shape: 'rectangle',
      color: 'primary',
      style: {
        opacity: 10,
        size: 'xl',
      },
      description: {
        md: 'Концентратор информации центрального уровня предназначен для отслеживания \nв реальном времени прохождений железнодорожного подвижного состава через контрольные пункты.',
      },
      tags: [],
      notation: 'Контейнер системы',
      kind: 'container',
      depth: 1,
      x: 424,
      y: 1014,
      width: 1443,
      height: 406,
      labelBBox: {
        x: 6,
        y: 0,
        width: 84,
        height: 15,
      },
      navigateTo: null,
      links: null,
    },
    {
      id: 'mkicsai.app',
      parent: 'mkicsai',
      level: 1,
      children: [],
      inEdges: [
        '1jcuvyt',
        '12yvc0q',
      ],
      outEdges: [
        'rnt6om',
      ],
      title: 'КИ-Ц САИ ПС.ИНП (приложение)',
      modelRef: 'mkicsai.app',
      shape: 'rectangle',
      color: 'primary',
      style: {
        opacity: 10,
        size: 'xl',
      },
      description: {
        txt: 'Приложение для управления работой системы, анализа работы оборудования и локомотивов, анализа качества распознавания прохождения подвижного состава.',
      },
      tags: [],
      notation: 'Контейнер системы',
      kind: 'container',
      x: 466,
      y: 1088,
      width: 544,
      height: 290,
      labelBBox: {
        x: 34,
        y: 74,
        width: 477,
        height: 138,
      },
      navigateTo: null,
      links: null,
    },
    {
      id: 'mkicsai.service',
      parent: 'mkicsai',
      level: 1,
      children: [],
      inEdges: [
        'rnt6om',
      ],
      outEdges: [
        'dvakq1',
        'dvatvf',
        'dvax7k',
        'zb90lg',
        'zb97sl',
        'avmwy9',
        '1botufo',
      ],
      title: 'КИ-Ц САИ ПС.ИНП (сервис)',
      modelRef: 'mkicsai.service',
      shape: 'rectangle',
      color: 'primary',
      style: {
        opacity: 10,
        size: 'xl',
      },
      description: {
        txt: 'Управление рабочими процессами, логирование исключений, сбор данных для мониторинга.',
      },
      tags: [],
      notation: 'Контейнер системы',
      kind: 'container',
      x: 1275,
      y: 1074,
      width: 550,
      height: 290,
      labelBBox: {
        x: 34,
        y: 99,
        width: 482,
        height: 88,
      },
      navigateTo: null,
      links: null,
    },
    {
      id: 'external',
      parent: null,
      level: 0,
      children: [
        'external.nsi',
        'external.esp',
        'external.aso',
      ],
      inEdges: [
        'dvakq1',
        'dvatvf',
        'dvax7k',
      ],
      outEdges: [],
      title: 'Внешние сервисы',
      modelRef: 'external',
      shape: 'component',
      color: 'gray',
      style: {
        opacity: 10,
        size: 'md',
      },
      tags: [],
      notation: 'Внешний сервис',
      kind: 'external_service',
      depth: 1,
      x: 1874,
      y: 699,
      width: 527,
      height: 888,
      labelBBox: {
        x: 6,
        y: 0,
        width: 93,
        height: 15,
      },
      navigateTo: null,
      links: null,
    },
    {
      id: 'provider',
      parent: null,
      level: 0,
      children: [
        'provider.source',
        'provider.bin',
        'provider.sts',
      ],
      inEdges: [
        'zb90lg',
        'zb97sl',
      ],
      outEdges: [],
      title: 'Поставщики данных',
      modelRef: 'provider',
      shape: 'component',
      color: 'gray',
      style: {
        opacity: 10,
        size: 'md',
      },
      tags: [],
      notation: 'Внешний сервис',
      kind: 'external_service',
      depth: 1,
      x: 879,
      y: 445,
      width: 970,
      height: 512,
      labelBBox: {
        x: 6,
        y: 0,
        width: 105,
        height: 15,
      },
      navigateTo: null,
      links: null,
    },
    {
      id: 'consumer',
      parent: null,
      level: 0,
      children: [
        'consumer.m2033',
        'consumer.ecma',
        'consumer.target',
      ],
      inEdges: [
        'avmwy9',
        '1botufo',
      ],
      outEdges: [],
      title: 'Потребители данных',
      modelRef: 'consumer',
      shape: 'component',
      color: 'gray',
      style: {
        opacity: 10,
        size: 'md',
      },
      tags: [],
      notation: 'Внешний сервис',
      kind: 'external_service',
      depth: 1,
      x: 874,
      y: 1503,
      width: 978,
      height: 515,
      labelBBox: {
        x: 6,
        y: 0,
        width: 111,
        height: 15,
      },
      navigateTo: null,
      links: null,
    },
    {
      id: 'external.nsi',
      parent: 'external',
      level: 1,
      children: [],
      inEdges: [
        'dvakq1',
      ],
      outEdges: [],
      title: 'Нормативно справочная информация',
      modelRef: 'external.nsi',
      shape: 'component',
      color: 'gray',
      style: {
        opacity: 10,
        size: 'md',
      },
      description: {
        txt: 'Получение нормативно справочной информации о дорогах и станциях.',
      },
      tags: [],
      notation: 'Внешний сервис',
      kind: 'external_service',
      x: 1929,
      y: 1078,
      width: 430,
      height: 180,
      labelBBox: {
        x: 38,
        y: 56,
        width: 354,
        height: 65,
      },
      navigateTo: null,
      links: null,
    },
    {
      id: 'external.esp',
      parent: 'external',
      level: 1,
      children: [],
      inEdges: [
        'dvatvf',
      ],
      outEdges: [],
      title: 'ЕС ПУЛ',
      modelRef: 'external.esp',
      shape: 'component',
      color: 'gray',
      style: {
        opacity: 10,
        size: 'md',
      },
      description: {
        txt: 'Получение информации о локомотивах и самодвижущемся подвижном составе (СПС).',
      },
      tags: [],
      notation: 'Внешний сервис',
      kind: 'external_service',
      x: 1949,
      y: 1365,
      width: 381,
      height: 180,
      labelBBox: {
        x: 38,
        y: 56,
        width: 306,
        height: 65,
      },
      navigateTo: null,
      links: null,
    },
    {
      id: 'external.aso',
      parent: 'external',
      level: 1,
      children: [],
      inEdges: [
        'dvax7k',
      ],
      outEdges: [],
      title: 'ЕМД ПП',
      modelRef: 'external.aso',
      shape: 'component',
      color: 'gray',
      style: {
        opacity: 10,
        size: 'md',
      },
      description: {
        txt: 'Получение информации о предполагаемом времени прохождения и составе подвижного состава через остановочные пункты.',
      },
      tags: [],
      notation: 'Внешний сервис',
      kind: 'external_service',
      x: 1916,
      y: 759,
      width: 438,
      height: 180,
      labelBBox: {
        x: 38,
        y: 47,
        width: 362,
        height: 83,
      },
      navigateTo: null,
      links: null,
    },
    {
      id: 'provider.source',
      parent: 'provider',
      level: 1,
      children: [],
      inEdges: [],
      outEdges: [
        'poihsi',
        'pohyw3',
      ],
      title: 'КИЛ',
      modelRef: 'provider.source',
      shape: 'component',
      color: 'gray',
      style: {
        opacity: 10,
        size: 'md',
      },
      description: {
        txt: 'Концентраторы информации линейного уровня.',
      },
      tags: [],
      notation: 'Внешний сервис',
      kind: 'external_service',
      x: 1142,
      y: 505,
      width: 413,
      height: 180,
      labelBBox: {
        x: 38,
        y: 65,
        width: 337,
        height: 47,
      },
      navigateTo: null,
      links: null,
    },
    {
      id: 'consumer.m2033',
      parent: 'consumer',
      level: 1,
      children: [],
      inEdges: [
        'avmwy9',
      ],
      outEdges: [
        'gr3tx0',
      ],
      title: 'Сообщения 2033',
      modelRef: 'consumer.m2033',
      shape: 'queue',
      color: 'gray',
      style: {
        opacity: 10,
        size: 'md',
      },
      description: {
        txt: 'Очередь выходных сообщений в формате 2033 о прохождении подвижного состава через контрольные пункты.',
      },
      tags: [],
      kind: 'external_queue',
      x: 1429,
      y: 1563,
      width: 381,
      height: 172,
      labelBBox: {
        x: 23,
        y: 43,
        width: 337,
        height: 83,
      },
      navigateTo: null,
      links: null,
    },
    {
      id: 'consumer.ecma',
      parent: 'consumer',
      level: 1,
      children: [],
      inEdges: [
        '1botufo',
      ],
      outEdges: [
        '1jhhgdt',
      ],
      title: 'Сообщения ECMA',
      modelRef: 'consumer.ecma',
      shape: 'queue',
      color: 'gray',
      style: {
        opacity: 10,
        size: 'md',
      },
      description: {
        txt: 'Очередь выходных сообщений в формате ECMA о сбоях и ошибках в работе оборудования.',
      },
      tags: [],
      kind: 'external_queue',
      x: 916,
      y: 1565,
      width: 391,
      height: 172,
      labelBBox: {
        x: 23,
        y: 52,
        width: 347,
        height: 65,
      },
      navigateTo: null,
      links: null,
    },
    {
      id: 'provider.bin',
      parent: 'provider',
      level: 1,
      children: [],
      inEdges: [
        'zb90lg',
        'poihsi',
      ],
      outEdges: [],
      title: 'Сообщения BIN',
      modelRef: 'provider.bin',
      shape: 'queue',
      color: 'gray',
      style: {
        opacity: 10,
        size: 'md',
      },
      description: {
        txt: 'Очередь входных сообщений о прохождении подвижного состава через контрольные пункты.',
      },
      tags: [],
      kind: 'external_queue',
      x: 921,
      y: 732,
      width: 393,
      height: 172,
      labelBBox: {
        x: 22,
        y: 52,
        width: 350,
        height: 65,
      },
      navigateTo: null,
      links: null,
    },
    {
      id: 'provider.sts',
      parent: 'provider',
      level: 1,
      children: [],
      inEdges: [
        'zb97sl',
        'pohyw3',
      ],
      outEdges: [],
      title: 'Сообщения STS',
      modelRef: 'provider.sts',
      shape: 'queue',
      color: 'gray',
      style: {
        opacity: 10,
        size: 'md',
      },
      description: {
        txt: 'Очередь входных сообщений о состоянии оборудования и локомотивов.',
      },
      tags: [],
      kind: 'external_queue',
      x: 1468,
      y: 743,
      width: 339,
      height: 172,
      labelBBox: {
        x: 22,
        y: 52,
        width: 296,
        height: 65,
      },
      navigateTo: null,
      links: null,
    },
    {
      id: 'consumer.target',
      parent: 'consumer',
      level: 1,
      children: [],
      inEdges: [
        'gr3tx0',
        '1jhhgdt',
      ],
      outEdges: [],
      title: 'Системы и сервисы ОАО "РЖД"',
      modelRef: 'consumer.target',
      shape: 'component',
      color: 'gray',
      style: {
        opacity: 10,
        size: 'md',
      },
      description: {
        txt: 'Потребители данных, системы и сервисы ОАО "РЖД".',
      },
      tags: [],
      notation: 'Внешний сервис',
      kind: 'external_service',
      x: 1157,
      y: 1796,
      width: 396,
      height: 180,
      labelBBox: {
        x: 37,
        y: 56,
        width: 321,
        height: 65,
      },
      navigateTo: null,
      links: null,
    },
  ],
  edges: [
    {
      id: 'rnt6om',
      parent: 'mkicsai',
      source: 'mkicsai.app',
      target: 'mkicsai.service',
      label: 'Управление и отладка',
      relations: [
        'i4ae2u',
      ],
      color: 'gray',
      line: 'dashed',
      head: 'normal',
      points: [
        [
          697,
          1101,
        ],
        [
          697,
          1065,
        ],
        [
          697,
          1025,
        ],
        [
          697,
          988,
        ],
      ],
      labelBBox: {
        x: 1116,
        y: 1226,
        width: 152,
        height: 18,
      },
      controlPoints: [
        {
          x: 1116,
          y: 1226,
        },
        {
          x: 1169,
          y: 1226,
        },
      ],
      navigateTo: null,
      tags: null,
    },
    {
      id: '1jcuvyt',
      parent: null,
      source: 'staff.admin',
      target: 'mkicsai.app',
      label: 'Управление',
      relations: [
        '7iox0l',
      ],
      color: 'gray',
      line: 'dashed',
      head: 'normal',
      points: [
        [
          444,
          1170,
        ],
        [
          523,
          1183,
        ],
        [
          616,
          1198,
        ],
        [
          702,
          1213,
        ],
      ],
      labelBBox: {
        x: 409,
        y: 1044,
        width: 82,
        height: 18,
      },
      controlPoints: [
        {
          x: 409,
          y: 1044,
        },
        {
          x: 439,
          y: 1061,
        },
      ],
      navigateTo: null,
      tags: null,
    },
    {
      id: '12yvc0q',
      parent: null,
      source: 'staff.operator',
      target: 'mkicsai.app',
      label: 'Анализ и настройка',
      relations: [
        '1vb8rv1',
      ],
      color: 'gray',
      line: 'dashed',
      head: 'normal',
      points: [
        [
          451,
          1375,
        ],
        [
          528,
          1358,
        ],
        [
          618,
          1338,
        ],
        [
          702,
          1320,
        ],
      ],
      labelBBox: {
        x: 430,
        y: 1400,
        width: 136,
        height: 18,
      },
      controlPoints: [
        {
          x: 430,
          y: 1400,
        },
        {
          x: 454,
          y: 1387,
        },
      ],
      navigateTo: null,
      tags: null,
    },
    {
      id: 'dvakq1',
      parent: null,
      source: 'mkicsai.service',
      target: 'external.nsi',
      label: 'Чтение',
      relations: [
        '640d30',
      ],
      color: 'gray',
      line: 'dashed',
      head: 'normal',
      points: [
        [
          1068,
          701,
        ],
        [
          1142,
          582,
        ],
        [
          1258,
          415,
        ],
        [
          1392,
          299,
        ],
        [
          1411,
          283,
        ],
        [
          1431,
          268,
        ],
        [
          1452,
          254,
        ],
      ],
      labelBBox: {
        x: 1867,
        y: 1192,
        width: 51,
        height: 18,
      },
      controlPoints: [
        {
          x: 1867,
          y: 1192,
        },
        {
          x: 1887,
          y: 1190,
        },
      ],
      navigateTo: null,
      tags: null,
    },
    {
      id: 'dvatvf',
      parent: null,
      source: 'mkicsai.service',
      target: 'external.esp',
      label: 'Чтение',
      relations: [
        'kac7vz',
      ],
      color: 'gray',
      line: 'dashed',
      head: 'normal',
      points: [
        [
          1199,
          701,
        ],
        [
          1260,
          661,
        ],
        [
          1328,
          617,
        ],
        [
          1392,
          579,
        ],
        [
          1417,
          564,
        ],
        [
          1444,
          549,
        ],
        [
          1471,
          534,
        ],
      ],
      labelBBox: {
        x: 1875,
        y: 1349,
        width: 51,
        height: 18,
      },
      controlPoints: [
        {
          x: 1875,
          y: 1349,
        },
        {
          x: 1900,
          y: 1359,
        },
      ],
      navigateTo: null,
      tags: null,
    },
    {
      id: 'dvax7k',
      parent: null,
      source: 'mkicsai.service',
      target: 'external.aso',
      label: 'Чтение',
      relations: [
        '1vjkppq',
      ],
      color: 'gray',
      line: 'dashed',
      head: 'normal',
      points: [
        [
          1259,
          794,
        ],
        [
          1313,
          783,
        ],
        [
          1370,
          773,
        ],
        [
          1422,
          763,
        ],
      ],
      labelBBox: {
        x: 1865,
        y: 1020,
        width: 51,
        height: 18,
      },
      controlPoints: [
        {
          x: 1865,
          y: 1020,
        },
        {
          x: 1907,
          y: 993,
        },
      ],
      navigateTo: null,
      tags: null,
    },
    {
      id: 'zb90lg',
      parent: null,
      source: 'mkicsai.service',
      target: 'provider.bin',
      label: 'Чтение',
      relations: [
        'r1cxel',
      ],
      color: 'gray',
      line: 'dashed',
      head: 'normal',
      points: [
        [
          1242,
          991,
        ],
        [
          1265,
          1013,
        ],
        [
          1284,
          1037,
        ],
        [
          1299,
          1064,
        ],
        [
          1322,
          1105,
        ],
        [
          1312,
          1438,
        ],
        [
          1319,
          1484,
        ],
        [
          1333,
          1576,
        ],
        [
          1350,
          1596,
        ],
        [
          1372,
          1687,
        ],
        [
          1382,
          1727,
        ],
        [
          1367,
          1744,
        ],
        [
          1392,
          1777,
        ],
        [
          1407,
          1797,
        ],
        [
          1426,
          1814,
        ],
        [
          1446,
          1828,
        ],
      ],
      labelBBox: {
        x: 1321,
        y: 1006,
        width: 51,
        height: 18,
      },
      controlPoints: [
        {
          x: 1321,
          y: 1006,
        },
        {
          x: 1284,
          y: 972,
        },
      ],
      navigateTo: null,
      tags: null,
    },
    {
      id: 'poihsi',
      parent: 'provider',
      source: 'provider.source',
      target: 'provider.bin',
      label: 'Запись',
      relations: [
        '1bd5f2e',
      ],
      color: 'gray',
      line: 'dashed',
      head: 'normal',
      points: [
        [
          1166,
          777,
        ],
        [
          1208,
          786,
        ],
        [
          1253,
          795,
        ],
        [
          1294,
          803,
        ],
        [
          1335,
          810,
        ],
        [
          1378,
          817,
        ],
        [
          1419,
          823,
        ],
      ],
      labelBBox: {
        x: 1236,
        y: 704,
        width: 51,
        height: 18,
      },
      controlPoints: [
        {
          x: 1236,
          y: 704,
        },
        {
          x: 1227,
          y: 713,
        },
      ],
      navigateTo: null,
      tags: null,
    },
    {
      id: 'zb97sl',
      parent: null,
      source: 'mkicsai.service',
      target: 'provider.sts',
      label: 'Чтение',
      relations: [
        '1m8izh3',
      ],
      color: 'gray',
      line: 'dashed',
      head: 'normal',
      points: [
        [
          1238,
          991,
        ],
        [
          1262,
          1013,
        ],
        [
          1283,
          1037,
        ],
        [
          1299,
          1064,
        ],
        [
          1334,
          1120,
        ],
        [
          1306,
          1146,
        ],
        [
          1319,
          1210,
        ],
        [
          1344,
          1327,
        ],
        [
          1322,
          1372,
        ],
        [
          1392,
          1469,
        ],
        [
          1414,
          1500,
        ],
        [
          1444,
          1526,
        ],
        [
          1475,
          1549,
        ],
      ],
      labelBBox: {
        x: 1597,
        y: 1010,
        width: 51,
        height: 18,
      },
      controlPoints: [
        {
          x: 1597,
          y: 1010,
        },
        {
          x: 1604,
          y: 979,
        },
      ],
      navigateTo: null,
      tags: null,
    },
    {
      id: 'pohyw3',
      parent: 'provider',
      source: 'provider.source',
      target: 'provider.sts',
      label: 'Запись',
      relations: [
        'q15sls',
      ],
      color: 'gray',
      line: 'dashed',
      head: 'normal',
      points: [
        [
          1166,
          701,
        ],
        [
          1225,
          692,
        ],
        [
          1289,
          680,
        ],
        [
          1347,
          666,
        ],
        [
          1380,
          658,
        ],
        [
          1414,
          648,
        ],
        [
          1447,
          638,
        ],
      ],
      labelBBox: {
        x: 1489,
        y: 708,
        width: 51,
        height: 18,
      },
      controlPoints: [
        {
          x: 1489,
          y: 708,
        },
        {
          x: 1503,
          y: 720,
        },
      ],
      navigateTo: null,
      tags: null,
    },
    {
      id: 'avmwy9',
      parent: null,
      source: 'mkicsai.service',
      target: 'consumer.m2033',
      label: 'Запись',
      relations: [
        '94heh4',
      ],
      color: 'gray',
      line: 'dashed',
      head: 'normal',
      points: [
        [
          1259,
          928,
        ],
        [
          1323,
          948,
        ],
        [
          1391,
          968,
        ],
        [
          1451,
          986,
        ],
      ],
      labelBBox: {
        x: 1587,
        y: 1444,
        width: 51,
        height: 18,
      },
      controlPoints: [
        {
          x: 1587,
          y: 1444,
        },
        {
          x: 1593,
          y: 1483,
        },
      ],
      navigateTo: null,
      tags: null,
    },
    {
      id: 'gr3tx0',
      parent: 'consumer',
      source: 'consumer.m2033',
      target: 'consumer.target',
      label: 'Чтение и анализ',
      relations: [
        '12478zl',
      ],
      color: 'gray',
      line: 'dashed',
      head: 'normal',
      points: [
        [
          1031,
          1550,
        ],
        [
          1110,
          1564,
        ],
        [
          1203,
          1580,
        ],
        [
          1284,
          1594,
        ],
      ],
      labelBBox: {
        x: 1497,
        y: 1759,
        width: 113,
        height: 18,
      },
      controlPoints: [
        {
          x: 1497,
          y: 1759,
        },
        {
          x: 1483,
          y: 1772,
        },
      ],
      navigateTo: null,
      tags: null,
    },
    {
      id: '1botufo',
      parent: null,
      source: 'mkicsai.service',
      target: 'consumer.ecma',
      label: 'Запись',
      relations: [
        '4pjur3',
      ],
      color: 'gray',
      line: 'dashed',
      head: 'normal',
      points: [
        [
          1212,
          991,
        ],
        [
          1242,
          1014,
        ],
        [
          1273,
          1039,
        ],
        [
          1299,
          1064,
        ],
        [
          1348,
          1110,
        ],
        [
          1341,
          1139,
        ],
        [
          1392,
          1182,
        ],
        [
          1411,
          1198,
        ],
        [
          1433,
          1213,
        ],
        [
          1455,
          1227,
        ],
      ],
      labelBBox: {
        x: 1321,
        y: 1443,
        width: 51,
        height: 18,
      },
      controlPoints: [
        {
          x: 1321,
          y: 1443,
        },
        {
          x: 1281,
          y: 1484,
        },
      ],
      navigateTo: null,
      tags: null,
    },
    {
      id: '1jhhgdt',
      parent: 'consumer',
      source: 'consumer.ecma',
      target: 'consumer.target',
      label: 'Чтение и анализ',
      relations: [
        '1mc72ar',
      ],
      color: 'gray',
      line: 'dashed',
      head: 'normal',
      points: [
        [
          1036,
          1742,
        ],
        [
          1114,
          1722,
        ],
        [
          1205,
          1700,
        ],
        [
          1284,
          1681,
        ],
      ],
      labelBBox: {
        x: 1225,
        y: 1761,
        width: 113,
        height: 18,
      },
      controlPoints: [
        {
          x: 1225,
          y: 1761,
        },
        {
          x: 1236,
          y: 1771,
        },
      ],
      navigateTo: null,
      tags: null,
    },
  ],
  _layout: 'manual',
}
