{
  _type: 'element',
  tags: null,
  links: null,
  _stage: 'layouted',
  sourcePath: 'mkicsai.c4',
  description: {
    md: 'Сервис для обработки входных сообщений и формирования выходных сообщений.\r\nЗапуск рабочих процессов по расписанию, логирование исключений, сбор данных для мониторинга.',
  },
  title: 'КИ-Ц САИ ПС.ИНП (сервис)',
  id: 'service_view',
  autoLayout: {
    direction: 'TB',
  },
  notation: {
    nodes: [
      {
        title: 'Внешний сервис',
        shape: 'component',
        color: 'gray',
        kinds: [
          'external_service',
        ],
      },
      {
        title: 'Рабочий процесс системы',
        shape: 'component',
        color: 'muted',
        kinds: [
          'worker',
        ],
      },
      {
        title: 'Контейнер системы',
        shape: 'rectangle',
        color: 'primary',
        kinds: [
          'container',
        ],
      },
      {
        title: 'Долговременное хранилище',
        shape: 'storage',
        color: 'indigo',
        kinds: [
          'storage',
        ],
      },
    ],
  },
  hash: '1OHM0OaqVa6oPr5K5TQwhL0-nLG-fY3a9-Yh-pO_XRM',
  bounds: {
    x: 21,
    y: -480,
    width: 2648,
    height: 2737,
  },
  nodes: [
    {
      id: 'mkicsai',
      parent: null,
      level: 0,
      children: [
        'mkicsai.service',
      ],
      inEdges: [],
      outEdges: [
        '1e8kd7h',
        '1sq5s5x',
        '1eq61s4',
        'tcl4ze',
        '11u38vq',
        's3xxsd',
        '1070ctb',
        'qei0hg',
        'rot8qj',
        '17kzpji',
        '159qvt2',
        'cvk6vt',
        '1f4ahyx',
        '1jyaxxu',
        '1psftqh',
        '1m8olw0',
      ],
      title: 'КИ-Ц САИ ПС.ИНП',
      modelRef: 'mkicsai',
      shape: 'rectangle',
      color: 'primary',
      style: {
        opacity: 10,
        size: 'xl',
      },
      description: {
        md: 'Концентратор информации центрального уровня предназначен для отслеживания \r\nв реальном времени прохождений железнодорожного подвижного состава через контрольные пункты.',
      },
      tags: [],
      notation: 'Контейнер системы',
      kind: 'container',
      depth: 2,
      x: 45,
      y: -101,
      width: 2604,
      height: 1881,
      labelBBox: {
        x: 6,
        y: 0,
        width: 84,
        height: 15,
      },
      navigateTo: null,
      links: null,
    },
    {
      id: 'mkicsai.service',
      parent: 'mkicsai',
      level: 1,
      children: [
        'mkicsai.service.aoc_worker',
        'mkicsai.service.bin_worker',
        'mkicsai.service.sts_worker',
        'mkicsai.service.aso_worker',
        'mkicsai.service.m2033_worker',
        'mkicsai.service.esp_worker',
        'mkicsai.service.esr_worker',
        'mkicsai.service.clone_worker',
        'mkicsai.service.ecma_worker',
      ],
      inEdges: [],
      outEdges: [
        '1e8kd7h',
        '1sq5s5x',
        '1eq61s4',
        'tcl4ze',
        '11u38vq',
        's3xxsd',
        '1070ctb',
        'qei0hg',
        'rot8qj',
        '17kzpji',
        '159qvt2',
        'cvk6vt',
        '1f4ahyx',
        '1jyaxxu',
        '1psftqh',
        '1m8olw0',
      ],
      title: 'КИ-Ц САИ ПС.ИНП (сервис)',
      modelRef: 'mkicsai.service',
      shape: 'rectangle',
      color: 'primary',
      style: {
        opacity: 10,
        size: 'xl',
      },
      description: {
        txt: 'Управление рабочими процессами, логирование исключений, сбор данных для мониторинга.',
      },
      tags: [],
      notation: 'Контейнер системы',
      kind: 'container',
      depth: 1,
      x: 87,
      y: -41,
      width: 2520,
      height: 1779,
      labelBBox: {
        x: 6,
        y: 0,
        width: 131,
        height: 15,
      },
      navigateTo: null,
      links: null,
    },
    {
      id: 'mkicsai.service.aoc_worker',
      parent: 'mkicsai.service',
      level: 2,
      children: [],
      inEdges: [],
      outEdges: [
        '1icyx65',
        '1e8kd7h',
        '17kzpji',
      ],
      title: 'Чтение и первичная обработка BIN',
      modelRef: 'mkicsai.service.aoc_worker',
      shape: 'component',
      color: 'muted',
      style: {
        opacity: 10,
        size: 'lg',
      },
      description: {
        md: 'Чтение и первичная обработка входных сообщений BIN. \r\nЗапись в оперативные данные.',
      },
      tags: [],
      notation: 'Рабочий процесс системы',
      kind: 'worker',
      x: 753,
      y: 1462,
      width: 496,
      height: 234,
      labelBBox: {
        x: 46,
        y: 67,
        width: 404,
        height: 98,
      },
      navigateTo: null,
      links: null,
    },
    {
      id: 'mkicsai.service.bin_worker',
      parent: 'mkicsai.service',
      level: 2,
      children: [],
      inEdges: [],
      outEdges: [
        '1bndffp',
        '1sq5s5x',
      ],
      title: 'Обработка BIN',
      modelRef: 'mkicsai.service.bin_worker',
      shape: 'component',
      color: 'muted',
      style: {
        opacity: 10,
        size: 'lg',
      },
      description: {
        md: 'Чтение BIN сообщений, расшифровка и анализ, формирование 2033.\r\nСбор статистики для улучшения качества расшифровки.\r\nЗапись результаты в оперативные данные.',
      },
      tags: [],
      notation: 'Рабочий процесс системы',
      kind: 'worker',
      x: 795,
      y: 19,
      width: 491,
      height: 234,
      labelBBox: {
        x: 46,
        y: 45,
        width: 399,
        height: 141,
      },
      navigateTo: null,
      links: null,
    },
    {
      id: 'mkicsai.service.sts_worker',
      parent: 'mkicsai.service',
      level: 2,
      children: [],
      inEdges: [],
      outEdges: [
        '1uxfxkk',
        '1eq61s4',
        '159qvt2',
      ],
      title: 'Чтение и обработка STS',
      modelRef: 'mkicsai.service.sts_worker',
      shape: 'component',
      color: 'muted',
      style: {
        opacity: 10,
        size: 'lg',
      },
      description: {
        md: 'Чтение STS сообщений, расшифровка и анализ.\r\nЗапись результаты в оперативные данные.',
      },
      tags: [],
      notation: 'Рабочий процесс системы',
      kind: 'worker',
      x: 129,
      y: 1445,
      width: 496,
      height: 234,
      labelBBox: {
        x: 46,
        y: 77,
        width: 404,
        height: 77,
      },
      navigateTo: null,
      links: null,
    },
    {
      id: 'mkicsai.service.aso_worker',
      parent: 'mkicsai.service',
      level: 2,
      children: [],
      inEdges: [],
      outEdges: [
        'pm19ml',
        's3xxsd',
        '1psftqh',
      ],
      title: 'Чтение и обработка данных из ЕМД ПП',
      modelRef: 'mkicsai.service.aso_worker',
      shape: 'component',
      color: 'muted',
      style: {
        opacity: 10,
        size: 'lg',
      },
      description: {
        md: 'Анализ оперативных данных и обновление данных о предполагаемом времени прохождения и составе подвижного состава через остановочные пункты.',
      },
      tags: [],
      notation: 'Рабочий процесс системы',
      kind: 'worker',
      x: 2039,
      y: 26,
      width: 526,
      height: 234,
      labelBBox: {
        x: 46,
        y: 56,
        width: 434,
        height: 119,
      },
      navigateTo: null,
      links: null,
    },
    {
      id: 'mkicsai.service.m2033_worker',
      parent: 'mkicsai.service',
      level: 2,
      children: [],
      inEdges: [],
      outEdges: [
        'zgbhtb',
        '1070ctb',
        'cvk6vt',
      ],
      title: 'Формирование сообщений 2033',
      modelRef: 'mkicsai.service.m2033_worker',
      shape: 'component',
      color: 'muted',
      style: {
        opacity: 10,
        size: 'lg',
      },
      description: {
        md: 'Чтение 2033 из оперативных данных, запись в очередь 2033 для всех потребителей.',
      },
      tags: [],
      notation: 'Рабочий процесс системы',
      kind: 'worker',
      x: 160,
      y: 21,
      width: 491,
      height: 234,
      labelBBox: {
        x: 46,
        y: 77,
        width: 399,
        height: 77,
      },
      navigateTo: null,
      links: null,
    },
    {
      id: 'mkicsai.service.esp_worker',
      parent: 'mkicsai.service',
      level: 2,
      children: [],
      inEdges: [],
      outEdges: [
        '11u38vq',
        '1jyaxxu',
      ],
      title: 'Чтение и обработка данных из ЕС ПУЛ',
      modelRef: 'mkicsai.service.esp_worker',
      shape: 'component',
      color: 'muted',
      style: {
        opacity: 10,
        size: 'lg',
      },
      description: {
        md: 'Анализ оперативных данных и обновление данных о локомотивах и самодвижущемся подвижном составе (СПС).',
      },
      tags: [],
      notation: 'Рабочий процесс системы',
      kind: 'worker',
      x: 1419,
      y: 1452,
      width: 522,
      height: 234,
      labelBBox: {
        x: 46,
        y: 67,
        width: 431,
        height: 98,
      },
      navigateTo: null,
      links: null,
    },
    {
      id: 'mkicsai.service.esr_worker',
      parent: 'mkicsai.service',
      level: 2,
      children: [],
      inEdges: [],
      outEdges: [
        'qei0hg',
        '1m8olw0',
      ],
      title: 'Обновление НСИ',
      modelRef: 'mkicsai.service.esr_worker',
      shape: 'component',
      color: 'muted',
      style: {
        opacity: 10,
        size: 'lg',
      },
      description: {
        md: 'Чтение НСИ из внешних сервисов и обновление данных в хранилище НСИ.',
      },
      tags: [],
      notation: 'Рабочий процесс системы',
      kind: 'worker',
      x: 2043,
      y: 1447,
      width: 496,
      height: 234,
      labelBBox: {
        x: 46,
        y: 77,
        width: 404,
        height: 77,
      },
      navigateTo: null,
      links: null,
    },
    {
      id: 'mkicsai.service.clone_worker',
      parent: 'mkicsai.service',
      level: 2,
      children: [],
      inEdges: [],
      outEdges: [
        'rot8qj',
      ],
      title: 'Создание и чистка оперативных таблиц',
      modelRef: 'mkicsai.service.clone_worker',
      shape: 'component',
      color: 'muted',
      style: {
        opacity: 10,
        size: 'lg',
      },
      description: {
        md: 'Создание и очистка партиций оперативных таблиц.',
      },
      tags: [],
      notation: 'Рабочий процесс системы',
      kind: 'worker',
      x: 1399,
      y: 27,
      width: 549,
      height: 234,
      labelBBox: {
        x: 46,
        y: 77,
        width: 457,
        height: 77,
      },
      navigateTo: null,
      links: null,
    },
    {
      id: 'provider',
      parent: null,
      level: 0,
      children: [
        'provider.bin',
        'provider.sts',
      ],
      inEdges: [
        '17kzpji',
        '159qvt2',
      ],
      outEdges: [],
      title: 'Поставщики данных',
      modelRef: 'provider',
      shape: 'component',
      color: 'gray',
      style: {
        opacity: 10,
        size: 'md',
      },
      tags: [],
      notation: 'Внешний сервис',
      kind: 'external_service',
      depth: 1,
      x: 41,
      y: 1935,
      width: 913,
      height: 302,
      labelBBox: {
        x: 6,
        y: 0,
        width: 105,
        height: 15,
      },
      navigateTo: null,
      links: null,
    },
    {
      id: 'mkicsai.service.ecma_worker',
      parent: 'mkicsai.service',
      level: 2,
      children: [],
      inEdges: [
        '1icyx65',
        '1bndffp',
        '1uxfxkk',
        'pm19ml',
        'zgbhtb',
      ],
      outEdges: [
        'tcl4ze',
        '1f4ahyx',
      ],
      title: 'Анализ ошибок и отправка в ECMA',
      modelRef: 'mkicsai.service.ecma_worker',
      shape: 'component',
      color: 'muted',
      style: {
        opacity: 10,
        size: 'lg',
      },
      description: {
        md: 'Анализ оперативных данных на наличие ошибок, анализ и отправка в ECMA.\r\nПрием ошибок непосредственно от рабочих процессов, анализ и отправка в ECMA.\r\nОтправка в ECMA сообщений о прекращении снятия ошибки сформированной ранее.',
      },
      tags: [],
      notation: 'Рабочий процесс системы',
      kind: 'worker',
      x: 472,
      y: 741,
      width: 506,
      height: 234,
      labelBBox: {
        x: 46,
        y: 45,
        width: 414,
        height: 141,
      },
      navigateTo: null,
      links: null,
    },
    {
      id: 'external',
      parent: null,
      level: 0,
      children: [],
      inEdges: [
        '1jyaxxu',
        '1psftqh',
        '1m8olw0',
      ],
      outEdges: [],
      title: 'Внешние сервисы',
      modelRef: 'external',
      shape: 'component',
      color: 'gray',
      style: {
        opacity: 10,
        size: 'md',
      },
      tags: [],
      notation: 'Внешний сервис',
      kind: 'external_service',
      x: 2318,
      y: 1943,
      width: 330,
      height: 180,
      labelBBox: {
        x: 82,
        y: 76,
        width: 165,
        height: 24,
      },
      navigateTo: null,
      links: null,
    },
    {
      id: 'provider.bin',
      parent: 'provider',
      level: 1,
      children: [],
      inEdges: [
        '17kzpji',
      ],
      outEdges: [],
      title: 'Сообщения BIN',
      modelRef: 'provider.bin',
      shape: 'queue',
      color: 'gray',
      style: {
        opacity: 10,
        size: 'md',
      },
      description: {
        txt: 'Очередь входных сообщений о прохождении подвижного состава через контрольные пункты.',
      },
      tags: [],
      kind: 'external_queue',
      x: 519,
      y: 2023,
      width: 393,
      height: 172,
      labelBBox: {
        x: 22,
        y: 52,
        width: 350,
        height: 65,
      },
      navigateTo: null,
      links: null,
    },
    {
      id: 'provider.sts',
      parent: 'provider',
      level: 1,
      children: [],
      inEdges: [
        '159qvt2',
      ],
      outEdges: [],
      title: 'Сообщения STS',
      modelRef: 'provider.sts',
      shape: 'queue',
      color: 'gray',
      style: {
        opacity: 10,
        size: 'md',
      },
      description: {
        txt: 'Очередь входных сообщений о состоянии оборудования и локомотивов.',
      },
      tags: [],
      kind: 'external_queue',
      x: 83,
      y: 1995,
      width: 339,
      height: 172,
      labelBBox: {
        x: 22,
        y: 52,
        width: 296,
        height: 65,
      },
      navigateTo: null,
      links: null,
    },
    {
      id: 'storage',
      parent: null,
      level: 0,
      children: [],
      inEdges: [
        '1e8kd7h',
        '1sq5s5x',
        '1eq61s4',
        'tcl4ze',
        '11u38vq',
        's3xxsd',
        '1070ctb',
        'qei0hg',
        'rot8qj',
      ],
      outEdges: [],
      title: 'Хранилище',
      modelRef: 'storage',
      shape: 'storage',
      color: 'indigo',
      style: {
        opacity: 10,
        size: 'lg',
      },
      tags: [],
      notation: 'Долговременное хранилище',
      kind: 'storage',
      x: 1638,
      y: 717,
      width: 420,
      height: 234,
      labelBBox: {
        x: 148,
        y: 101,
        width: 124,
        height: 28,
      },
      navigateTo: null,
      links: null,
    },
    {
      id: 'consumer',
      parent: null,
      level: 0,
      children: [
        'consumer.m2033',
        'consumer.ecma',
      ],
      inEdges: [
        'cvk6vt',
        '1f4ahyx',
      ],
      outEdges: [],
      title: 'Потребители данных',
      modelRef: 'consumer',
      shape: 'component',
      color: 'gray',
      style: {
        opacity: 10,
        size: 'md',
      },
      tags: [],
      notation: 'Внешний сервис',
      kind: 'external_service',
      depth: 1,
      x: 55,
      y: -460,
      width: 919,
      height: 276,
      labelBBox: {
        x: 6,
        y: 0,
        width: 111,
        height: 15,
      },
      navigateTo: null,
      links: null,
    },
    {
      id: 'consumer.m2033',
      parent: 'consumer',
      level: 1,
      children: [],
      inEdges: [
        'cvk6vt',
      ],
      outEdges: [],
      title: 'Сообщения 2033',
      modelRef: 'consumer.m2033',
      shape: 'queue',
      color: 'gray',
      style: {
        opacity: 10,
        size: 'md',
      },
      description: {
        txt: 'Очередь выходных сообщений в формате 2033 о прохождении подвижного состава через контрольные пункты.',
      },
      tags: [],
      kind: 'external_queue',
      x: 97,
      y: -398,
      width: 381,
      height: 172,
      labelBBox: {
        x: 22,
        y: 43,
        width: 337,
        height: 83,
      },
      navigateTo: null,
      links: null,
    },
    {
      id: 'consumer.ecma',
      parent: 'consumer',
      level: 1,
      children: [],
      inEdges: [
        '1f4ahyx',
      ],
      outEdges: [],
      title: 'Сообщения ECMA',
      modelRef: 'consumer.ecma',
      shape: 'queue',
      color: 'gray',
      style: {
        opacity: 10,
        size: 'md',
      },
      description: {
        txt: 'Очередь выходных сообщений в формате ECMA о сбоях и ошибках в работе оборудования.',
      },
      tags: [],
      kind: 'external_queue',
      x: 541,
      y: -400,
      width: 391,
      height: 172,
      labelBBox: {
        x: 22,
        y: 52,
        width: 347,
        height: 65,
      },
      navigateTo: null,
      links: null,
    },
  ],
  edges: [
    {
      id: '1icyx65',
      parent: 'mkicsai.service',
      source: 'mkicsai.service.aoc_worker',
      target: 'mkicsai.service.ecma_worker',
      label: 'Пересылка ошибки',
      relations: [
        '1r9b0t8',
      ],
      color: 'gray',
      line: 'dashed',
      head: 'normal',
      points: [
        [
          1117,
          356,
        ],
        [
          1187,
          400,
        ],
        [
          1267,
          450,
        ],
        [
          1339,
          494,
        ],
      ],
      labelBBox: {
        x: 879,
        y: 1265,
        width: 125,
        height: 18,
      },
      controlPoints: [
        {
          x: 879,
          y: 1265,
        },
        {
          x: 841,
          y: 1166,
        },
      ],
      navigateTo: null,
      tags: null,
    },
    {
      id: '1bndffp',
      parent: 'mkicsai.service',
      source: 'mkicsai.service.bin_worker',
      target: 'mkicsai.service.ecma_worker',
      label: 'Пересылка ошибки',
      relations: [
        'nqlq3a',
      ],
      color: 'gray',
      line: 'dashed',
      head: 'normal',
      points: [
        [
          1515,
          356,
        ],
        [
          1512,
          383,
        ],
        [
          1511,
          412,
        ],
        [
          1512,
          439,
        ],
        [
          1513,
          455,
        ],
        [
          1515,
          472,
        ],
        [
          1517,
          489,
        ],
      ],
      labelBBox: {
        x: 899,
        y: 449,
        width: 125,
        height: 18,
      },
      controlPoints: [
        {
          x: 899,
          y: 449,
        },
        {
          x: 861,
          y: 537,
        },
      ],
      navigateTo: null,
      tags: null,
    },
    {
      id: '1uxfxkk',
      parent: 'mkicsai.service',
      source: 'mkicsai.service.sts_worker',
      target: 'mkicsai.service.ecma_worker',
      label: 'Пересылка ошибки',
      relations: [
        '1yunivb',
      ],
      color: 'gray',
      line: 'dashed',
      head: 'normal',
      points: [
        [
          1890,
          341,
        ],
        [
          1844,
          363,
        ],
        [
          1797,
          389,
        ],
        [
          1754,
          416,
        ],
        [
          1721,
          438,
        ],
        [
          1687,
          466,
        ],
        [
          1657,
          492,
        ],
      ],
      labelBBox: {
        x: 527,
        y: 1253,
        width: 125,
        height: 18,
      },
      controlPoints: [
        {
          x: 527,
          y: 1253,
        },
        {
          x: 572,
          y: 1162,
        },
      ],
      navigateTo: null,
      tags: null,
    },
    {
      id: 'pm19ml',
      parent: 'mkicsai.service',
      source: 'mkicsai.service.aso_worker',
      target: 'mkicsai.service.ecma_worker',
      label: 'Пересылка ошибки',
      relations: [
        'i6dcrv',
      ],
      color: 'gray',
      line: 'dashed',
      head: 'normal',
      points: [
        [
          2496,
          338,
        ],
        [
          2478,
          344,
        ],
        [
          2459,
          351,
        ],
        [
          2441,
          356,
        ],
        [
          2322,
          395,
        ],
        [
          2020,
          480,
        ],
        [
          1797,
          542,
        ],
      ],
      labelBBox: {
        x: 1620,
        y: 448,
        width: 125,
        height: 18,
      },
      controlPoints: [
        {
          x: 1620,
          y: 448,
        },
        {
          x: 1369,
          y: 561,
        },
      ],
      navigateTo: null,
      tags: null,
    },
    {
      id: 'zgbhtb',
      parent: 'mkicsai.service',
      source: 'mkicsai.service.m2033_worker',
      target: 'mkicsai.service.ecma_worker',
      label: 'Пересылка ошибки',
      relations: [
        '1uzr0jh',
      ],
      color: 'gray',
      line: 'dashed',
      head: 'normal',
      points: [
        [
          571,
          337,
        ],
        [
          590,
          344,
        ],
        [
          609,
          350,
        ],
        [
          627,
          356,
        ],
        [
          842,
          428,
        ],
        [
          1089,
          498,
        ],
        [
          1271,
          547,
        ],
      ],
      labelBBox: {
        x: 544,
        y: 451,
        width: 125,
        height: 18,
      },
      controlPoints: [
        {
          x: 544,
          y: 451,
        },
        {
          x: 584,
          y: 539,
        },
      ],
      navigateTo: null,
      tags: null,
    },
    {
      id: '1e8kd7h',
      parent: null,
      source: 'mkicsai.service.aoc_worker',
      target: 'storage',
      label: 'Запись',
      relations: [
        'hptqpr',
      ],
      color: 'gray',
      line: 'dashed',
      head: 'normal',
      points: [
        [
          1178,
          342,
        ],
        [
          1196,
          348,
        ],
        [
          1215,
          353,
        ],
        [
          1233,
          356,
        ],
        [
          1463,
          406,
        ],
        [
          2081,
          307,
        ],
        [
          2289,
          416,
        ],
        [
          2483,
          519,
        ],
        [
          2621,
          744,
        ],
        [
          2692,
          886,
        ],
      ],
      labelBBox: {
        x: 1366,
        y: 1254,
        width: 51,
        height: 18,
      },
      controlPoints: [
        {
          x: 1366,
          y: 1254,
        },
        {
          x: 1478,
          y: 1154,
        },
      ],
      navigateTo: null,
      tags: null,
    },
    {
      id: '1sq5s5x',
      parent: null,
      source: 'mkicsai.service.bin_worker',
      target: 'storage',
      label: '[...]',
      relations: [
        'lry88n',
        'd4ns1c',
        '1udmiyg',
        '3ha2bd',
      ],
      color: 'gray',
      line: 'dashed',
      head: 'normal',
      points: [
        [
          1779,
          342,
        ],
        [
          1798,
          347,
        ],
        [
          1817,
          352,
        ],
        [
          1835,
          356,
        ],
        [
          1929,
          377,
        ],
        [
          2632,
          349,
        ],
        [
          2701,
          416,
        ],
        [
          2823,
          537,
        ],
        [
          2807,
          749,
        ],
        [
          2781,
          885,
        ],
      ],
      labelBBox: {
        x: 1388,
        y: 439,
        width: 25,
        height: 18,
      },
      controlPoints: [
        {
          x: 1388,
          y: 439,
        },
        {
          x: 1491,
          y: 525,
        },
      ],
      navigateTo: null,
      tags: null,
    },
    {
      id: '1eq61s4',
      parent: null,
      source: 'mkicsai.service.sts_worker',
      target: 'storage',
      label: 'Расшифровка/Запись',
      relations: [
        '1bpzcbo',
      ],
      color: 'gray',
      line: 'dashed',
      head: 'normal',
      points: [
        [
          2386,
          340,
        ],
        [
          2404,
          346,
        ],
        [
          2423,
          352,
        ],
        [
          2441,
          356,
        ],
        [
          2529,
          379,
        ],
        [
          2785,
          348,
        ],
        [
          2844,
          416,
        ],
        [
          2956,
          546,
        ],
        [
          2886,
          753,
        ],
        [
          2821,
          886,
        ],
      ],
      labelBBox: {
        x: 1026,
        y: 1238,
        width: 140,
        height: 18,
      },
      controlPoints: [
        {
          x: 1026,
          y: 1238,
        },
        {
          x: 1214,
          y: 1145,
        },
      ],
      navigateTo: null,
      tags: null,
    },
    {
      id: 'tcl4ze',
      parent: null,
      source: 'mkicsai.service.ecma_worker',
      target: 'storage',
      label: 'Чтение/Анализ',
      relations: [
        'k4049p',
      ],
      color: 'gray',
      line: 'dashed',
      head: 'normal',
      points: [
        [
          1766,
          733,
        ],
        [
          1844,
          769,
        ],
        [
          1933,
          807,
        ],
        [
          2017,
          836,
        ],
        [
          2185,
          894,
        ],
        [
          2381,
          940,
        ],
        [
          2528,
          970,
        ],
      ],
      labelBBox: {
        x: 1236,
        y: 844,
        width: 101,
        height: 18,
      },
      controlPoints: [
        {
          x: 1236,
          y: 844,
        },
        {
          x: 1372,
          y: 841,
        },
      ],
      navigateTo: null,
      tags: null,
    },
    {
      id: '11u38vq',
      parent: null,
      source: 'mkicsai.service.esp_worker',
      target: 'storage',
      label: 'Запись',
      relations: [
        '1wpn26',
      ],
      color: 'gray',
      line: 'dashed',
      head: 'normal',
      points: [
        [
          4056,
          356,
        ],
        [
          4053,
          485,
        ],
        [
          4027,
          690,
        ],
        [
          3902,
          805,
        ],
        [
          3769,
          927,
        ],
        [
          3266,
          980,
        ],
        [
          2970,
          1000,
        ],
      ],
      labelBBox: {
        x: 1751,
        y: 1249,
        width: 51,
        height: 18,
      },
      controlPoints: [
        {
          x: 1751,
          y: 1249,
        },
        {
          x: 1773,
          y: 1149,
        },
      ],
      navigateTo: null,
      tags: null,
    },
    {
      id: 's3xxsd',
      parent: null,
      source: 'mkicsai.service.aso_worker',
      target: 'storage',
      label: '[...]',
      relations: [
        '15wkgp4',
        '1m71fts',
      ],
      color: 'gray',
      line: 'dashed',
      head: 'normal',
      points: [
        [
          3022,
          338,
        ],
        [
          3040,
          344,
        ],
        [
          3059,
          351,
        ],
        [
          3077,
          356,
        ],
        [
          3173,
          387,
        ],
        [
          3234,
          336,
        ],
        [
          3295,
          416,
        ],
        [
          3333,
          466,
        ],
        [
          3724,
          175,
        ],
        [
          3165,
          805,
        ],
        [
          3113,
          864,
        ],
        [
          3040,
          908,
        ],
        [
          2969,
          940,
        ],
      ],
      labelBBox: {
        x: 2101,
        y: 439,
        width: 25,
        height: 18,
      },
      controlPoints: [
        {
          x: 2101,
          y: 439,
        },
        {
          x: 2041,
          y: 532,
        },
      ],
      navigateTo: null,
      tags: null,
    },
    {
      id: '1070ctb',
      parent: null,
      source: 'mkicsai.service.m2033_worker',
      target: 'storage',
      label: 'Чтение',
      relations: [
        '13oq3y7',
      ],
      color: 'gray',
      line: 'dashed',
      head: 'normal',
      points: [
        [
          571,
          342,
        ],
        [
          590,
          348,
        ],
        [
          609,
          353,
        ],
        [
          627,
          356,
        ],
        [
          792,
          391,
        ],
        [
          2009,
          318,
        ],
        [
          2146,
          416,
        ],
        [
          2296,
          524,
        ],
        [
          2168,
          670,
        ],
        [
          2294,
          805,
        ],
        [
          2357,
          872,
        ],
        [
          2446,
          919,
        ],
        [
          2528,
          951,
        ],
      ],
      labelBBox: {
        x: 1048,
        y: 446,
        width: 51,
        height: 18,
      },
      controlPoints: [
        {
          x: 1048,
          y: 446,
        },
        {
          x: 1234,
          y: 537,
        },
      ],
      navigateTo: null,
      tags: null,
    },
    {
      id: 'qei0hg',
      parent: null,
      source: 'mkicsai.service.esr_worker',
      target: 'storage',
      label: 'Чтение',
      relations: [
        '33sy5b',
      ],
      color: 'gray',
      line: 'dashed',
      head: 'normal',
      points: [
        [
          4597,
          356,
        ],
        [
          4504,
          489,
        ],
        [
          4332,
          700,
        ],
        [
          4127,
          805,
        ],
        [
          3929,
          907,
        ],
        [
          3307,
          969,
        ],
        [
          2970,
          996,
        ],
      ],
      labelBBox: {
        x: 2093,
        y: 1238,
        width: 51,
        height: 18,
      },
      controlPoints: [
        {
          x: 2093,
          y: 1238,
        },
        {
          x: 2032,
          y: 1138,
        },
      ],
      navigateTo: null,
      tags: null,
    },
    {
      id: 'rot8qj',
      parent: null,
      source: 'mkicsai.service.clone_worker',
      target: 'storage',
      label: 'Создание/очистка партиций',
      relations: [
        '1aku3ow',
        '186ktbh',
      ],
      color: 'gray',
      line: 'dashed',
      head: 'normal',
      points: [
        [
          3544,
          356,
        ],
        [
          3558,
          375,
        ],
        [
          3571,
          395,
        ],
        [
          3580,
          416,
        ],
        [
          3605,
          478,
        ],
        [
          3845,
          439,
        ],
        [
          3488,
          805,
        ],
        [
          3416,
          879,
        ],
        [
          3160,
          939,
        ],
        [
          2970,
          975,
        ],
      ],
      labelBBox: {
        x: 1746,
        y: 440,
        width: 191,
        height: 18,
      },
      controlPoints: [
        {
          x: 1746,
          y: 440,
        },
        {
          x: 1770,
          y: 532,
        },
      ],
      navigateTo: null,
      tags: null,
    },
    {
      id: '17kzpji',
      parent: null,
      source: 'mkicsai.service.aoc_worker',
      target: 'provider.bin',
      label: 'Чтение',
      relations: [
        'r1cxel',
      ],
      color: 'gray',
      line: 'dashed',
      head: 'normal',
      points: [
        [
          1178,
          342,
        ],
        [
          1196,
          348,
        ],
        [
          1215,
          353,
        ],
        [
          1233,
          356,
        ],
        [
          1245,
          359,
        ],
        [
          3036,
          439,
        ],
        [
          3048,
          439,
        ],
        [
          3156,
          442,
        ],
        [
          4883,
          443,
        ],
        [
          4988,
          469,
        ],
        [
          5037,
          481,
        ],
        [
          5088,
          503,
        ],
        [
          5133,
          525,
        ],
      ],
      labelBBox: {
        x: 868,
        y: 1821,
        width: 51,
        height: 18,
      },
      controlPoints: [
        {
          x: 868,
          y: 1821,
        },
        {
          x: 832,
          y: 1890,
        },
      ],
      navigateTo: null,
      tags: null,
    },
    {
      id: '159qvt2',
      parent: null,
      source: 'mkicsai.service.sts_worker',
      target: 'provider.sts',
      label: 'Чтение',
      relations: [
        '1m8izh3',
      ],
      color: 'gray',
      line: 'dashed',
      head: 'normal',
      points: [
        [
          2386,
          343,
        ],
        [
          2404,
          348,
        ],
        [
          2423,
          353,
        ],
        [
          2441,
          356,
        ],
        [
          2918,
          454,
        ],
        [
          4143,
          422,
        ],
        [
          4629,
          439,
        ],
        [
          4730,
          443,
        ],
        [
          5436,
          439,
        ],
        [
          5532,
          469,
        ],
        [
          5571,
          481,
        ],
        [
          5610,
          502,
        ],
        [
          5644,
          525,
        ],
      ],
      labelBBox: {
        x: 321,
        y: 1797,
        width: 51,
        height: 18,
      },
      controlPoints: [
        {
          x: 321,
          y: 1797,
        },
        {
          x: 303,
          y: 1868,
        },
      ],
      navigateTo: null,
      tags: null,
    },
    {
      id: 'cvk6vt',
      parent: null,
      source: 'mkicsai.service.m2033_worker',
      target: 'consumer.m2033',
      label: 'Запись',
      relations: [
        '94heh4',
      ],
      color: 'gray',
      line: 'dashed',
      head: 'normal',
      points: [
        [
          361,
          356,
        ],
        [
          406,
          509,
        ],
        [
          486,
          776,
        ],
        [
          528,
          917,
        ],
      ],
      labelBBox: {
        x: 349,
        y: -70,
        width: 51,
        height: 18,
      },
      controlPoints: [
        {
          x: 349,
          y: -70,
        },
        {
          x: 335,
          y: -127,
        },
      ],
      navigateTo: null,
      tags: null,
    },
    {
      id: '1f4ahyx',
      parent: null,
      source: 'mkicsai.service.ecma_worker',
      target: 'consumer.ecma',
      label: 'Запись',
      relations: [
        '4pjur3',
      ],
      color: 'gray',
      line: 'dashed',
      head: 'normal',
      points: [
        [
          1393,
          733,
        ],
        [
          1319,
          793,
        ],
        [
          1231,
          865,
        ],
        [
          1163,
          921,
        ],
      ],
      labelBBox: {
        x: 728,
        y: 349,
        width: 51,
        height: 18,
      },
      controlPoints: [
        {
          x: 728,
          y: 349,
        },
        {
          x: 728,
          y: 157,
        },
      ],
      navigateTo: null,
      tags: null,
    },
    {
      id: '1jyaxxu',
      parent: null,
      source: 'mkicsai.service.esp_worker',
      target: 'external',
      label: 'Чтение',
      relations: [
        'kac7vz',
      ],
      color: 'gray',
      line: 'dashed',
      head: 'normal',
      points: [
        [
          4314,
          342,
        ],
        [
          4333,
          348,
        ],
        [
          4352,
          352,
        ],
        [
          4370,
          356,
        ],
        [
          4458,
          375,
        ],
        [
          5909,
          439,
        ],
        [
          5994,
          469,
        ],
        [
          6028,
          481,
        ],
        [
          6061,
          500,
        ],
        [
          6091,
          521,
        ],
      ],
      labelBBox: {
        x: 2045,
        y: 1780,
        width: 51,
        height: 18,
      },
      controlPoints: [
        {
          x: 2045,
          y: 1780,
        },
        {
          x: 2158,
          y: 1846,
        },
      ],
      navigateTo: null,
      tags: null,
    },
    {
      id: '1psftqh',
      parent: null,
      source: 'mkicsai.service.aso_worker',
      target: 'external',
      label: 'Чтение',
      relations: [
        '1vjkppq',
      ],
      color: 'gray',
      line: 'dashed',
      head: 'normal',
      points: [
        [
          3022,
          343,
        ],
        [
          3040,
          348,
        ],
        [
          3059,
          353,
        ],
        [
          3077,
          356,
        ],
        [
          3097,
          360,
        ],
        [
          5975,
          463,
        ],
        [
          5994,
          469,
        ],
        [
          6028,
          481,
        ],
        [
          6062,
          500,
        ],
        [
          6092,
          520,
        ],
      ],
      labelBBox: {
        x: 2378,
        y: 977,
        width: 51,
        height: 18,
      },
      controlPoints: [
        {
          x: 2378,
          y: 977,
        },
        {
          x: 2404,
          y: 1249,
        },
      ],
      navigateTo: null,
      tags: null,
    },
    {
      id: '1m8olw0',
      parent: null,
      source: 'mkicsai.service.esr_worker',
      target: 'external',
      label: 'Чтение',
      relations: [
        '640d30',
      ],
      color: 'gray',
      line: 'dashed',
      head: 'normal',
      points: [
        [
          4921,
          251,
        ],
        [
          5193,
          270,
        ],
        [
          5639,
          322,
        ],
        [
          5994,
          469,
        ],
        [
          6026,
          482,
        ],
        [
          6057,
          501,
        ],
        [
          6086,
          520,
        ],
      ],
      labelBBox: {
        x: 2375,
        y: 1776,
        width: 51,
        height: 18,
      },
      controlPoints: [
        {
          x: 2375,
          y: 1776,
        },
        {
          x: 2400,
          y: 1836,
        },
      ],
      navigateTo: null,
      tags: null,
    },
  ],
  _layout: 'manual',
}
