{
  _type: 'element',
  tags: null,
  links: null,
  _stage: 'layouted',
  sourcePath: 'mkicsai.c4',
  description: {
    md: 'Сервис для обработки входных сообщений и формирования выходных сообщений.\nЗапуск рабочих процессов по расписанию, логирование исключений, сбор данных для мониторинга.',
  },
  title: 'КИ-Ц САИ ПС.ИНП (сервис)',
  id: 'service_view',
  autoLayout: {
    direction: 'TB',
    nodeSep: 60,
    rankSep: 90,
  },
  notation: {
    nodes: [
      {
        title: 'Внешний сервис',
        shape: 'component',
        color: 'gray',
        kinds: [
          'external_service',
        ],
      },
      {
        title: 'Рабочий процесс системы',
        shape: 'component',
        color: 'muted',
        kinds: [
          'worker',
        ],
      },
      {
        title: 'Контейнер системы',
        shape: 'rectangle',
        color: 'primary',
        kinds: [
          'container',
        ],
      },
      {
        title: 'Долговременное хранилище',
        shape: 'storage',
        color: 'indigo',
        kinds: [
          'storage',
        ],
      },
    ],
  },
  hash: 'hLmt3WOYNoWEEr-qowZUbpkbPht1v0qczSUTDinOv8U',
  bounds: {
    x: 31,
    y: -1023,
    width: 3327,
    height: 2264,
  },
  nodes: [
    {
      id: 'mkicsai',
      parent: null,
      level: 0,
      children: [
        'mkicsai.service',
      ],
      inEdges: [],
      outEdges: [
        '1e8kd7h',
        '1sq5s5x',
        '1eq61s4',
        'tcl4ze',
        '11u38vq',
        's3xxsd',
        '1070ctb',
        'qei0hg',
        'rot8qj',
        '17kzpji',
        '159qvt2',
        'cvk6vt',
        '1f4ahyx',
        '1jyaxxu',
        '1psftqh',
        '1m8olw0',
      ],
      title: 'КИ-Ц САИ ПС.ИНП',
      modelRef: 'mkicsai',
      shape: 'rectangle',
      color: 'primary',
      style: {
        opacity: 10,
        size: 'xl',
      },
      description: {
        md: 'Концентратор информации центрального уровня предназначен для отслеживания \nв реальном времени прохождений железнодорожного подвижного состава через контрольные пункты.',
      },
      tags: [],
      notation: 'Контейнер системы',
      kind: 'container',
      depth: 2,
      x: 51,
      y: -706,
      width: 2765,
      height: 1609,
      labelBBox: {
        x: 6,
        y: 0,
        width: 84,
        height: 15,
      },
      navigateTo: null,
      links: null,
    },
    {
      id: 'mkicsai.service',
      parent: 'mkicsai',
      level: 1,
      children: [
        'mkicsai.service.aoc_worker',
        'mkicsai.service.bin_worker',
        'mkicsai.service.sts_worker',
        'mkicsai.service.aso_worker',
        'mkicsai.service.m2033_worker',
        'mkicsai.service.esp_worker',
        'mkicsai.service.esr_worker',
        'mkicsai.service.clone_worker',
        'mkicsai.service.ecma_worker',
      ],
      inEdges: [],
      outEdges: [
        '1e8kd7h',
        '1sq5s5x',
        '1eq61s4',
        'tcl4ze',
        '11u38vq',
        's3xxsd',
        '1070ctb',
        'qei0hg',
        'rot8qj',
        '17kzpji',
        '159qvt2',
        'cvk6vt',
        '1f4ahyx',
        '1jyaxxu',
        '1psftqh',
        '1m8olw0',
      ],
      title: 'КИ-Ц САИ ПС.ИНП (сервис)',
      modelRef: 'mkicsai.service',
      shape: 'rectangle',
      color: 'primary',
      style: {
        opacity: 10,
        size: 'xl',
      },
      description: {
        txt: 'Управление рабочими процессами, логирование исключений, сбор данных для мониторинга.',
      },
      tags: [],
      notation: 'Контейнер системы',
      kind: 'container',
      depth: 1,
      x: 93,
      y: -646,
      width: 2681,
      height: 1507,
      labelBBox: {
        x: 6,
        y: 0,
        width: 131,
        height: 15,
      },
      navigateTo: null,
      links: null,
    },
    {
      id: 'mkicsai.service.aoc_worker',
      parent: 'mkicsai.service',
      level: 2,
      children: [],
      inEdges: [],
      outEdges: [
        '1icyx65',
        '1e8kd7h',
        '17kzpji',
      ],
      title: 'Чтение и первичная обработка BIN',
      modelRef: 'mkicsai.service.aoc_worker',
      shape: 'component',
      color: 'muted',
      style: {
        opacity: 10,
        size: 'lg',
      },
      description: {
        md: 'Чтение и первичная обработка входных сообщений BIN. \nЗапись в оперативные данные.',
      },
      tags: [],
      notation: 'Рабочий процесс системы',
      kind: 'worker',
      x: 166,
      y: 228,
      width: 496,
      height: 234,
      labelBBox: {
        x: 46,
        y: 67,
        width: 404,
        height: 98,
      },
      navigateTo: null,
      links: null,
    },
    {
      id: 'mkicsai.service.bin_worker',
      parent: 'mkicsai.service',
      level: 2,
      children: [],
      inEdges: [],
      outEdges: [
        '1bndffp',
        '1sq5s5x',
      ],
      title: 'Обработка BIN',
      modelRef: 'mkicsai.service.bin_worker',
      shape: 'component',
      color: 'muted',
      style: {
        opacity: 10,
        size: 'lg',
      },
      description: {
        md: 'Чтение BIN сообщений, расшифровка и анализ, формирование 2033.\nСбор статистики для улучшения качества расшифровки.\nЗапись результаты в оперативные данные.',
      },
      tags: [],
      notation: 'Рабочий процесс системы',
      kind: 'worker',
      x: 1494,
      y: -586,
      width: 491,
      height: 234,
      labelBBox: {
        x: 46,
        y: 45,
        width: 399,
        height: 141,
      },
      navigateTo: null,
      links: null,
    },
    {
      id: 'mkicsai.service.sts_worker',
      parent: 'mkicsai.service',
      level: 2,
      children: [],
      inEdges: [],
      outEdges: [
        '1uxfxkk',
        '1eq61s4',
        '159qvt2',
      ],
      title: 'Чтение и обработка STS',
      modelRef: 'mkicsai.service.sts_worker',
      shape: 'component',
      color: 'muted',
      style: {
        opacity: 10,
        size: 'lg',
      },
      description: {
        md: 'Чтение STS сообщений, расшифровка и анализ.\nЗапись результаты в оперативные данные.',
      },
      tags: [],
      notation: 'Рабочий процесс системы',
      kind: 'worker',
      x: 812,
      y: 496,
      width: 496,
      height: 234,
      labelBBox: {
        x: 46,
        y: 77,
        width: 404,
        height: 77,
      },
      navigateTo: null,
      links: null,
    },
    {
      id: 'mkicsai.service.aso_worker',
      parent: 'mkicsai.service',
      level: 2,
      children: [],
      inEdges: [],
      outEdges: [
        'pm19ml',
        's3xxsd',
        '1psftqh',
      ],
      title: 'Чтение и обработка данных из ЕМД ПП',
      modelRef: 'mkicsai.service.aso_worker',
      shape: 'component',
      color: 'muted',
      style: {
        opacity: 10,
        size: 'lg',
      },
      description: {
        md: 'Анализ оперативных данных и обновление данных о предполагаемом времени прохождения и составе подвижного состава через остановочные пункты.',
      },
      tags: [],
      notation: 'Рабочий процесс системы',
      kind: 'worker',
      x: 2177,
      y: -362,
      width: 526,
      height: 234,
      labelBBox: {
        x: 46,
        y: 56,
        width: 434,
        height: 119,
      },
      navigateTo: null,
      links: null,
    },
    {
      id: 'mkicsai.service.m2033_worker',
      parent: 'mkicsai.service',
      level: 2,
      children: [],
      inEdges: [],
      outEdges: [
        'zgbhtb',
        '1070ctb',
        'cvk6vt',
      ],
      title: 'Формирование сообщений 2033',
      modelRef: 'mkicsai.service.m2033_worker',
      shape: 'component',
      color: 'muted',
      style: {
        opacity: 10,
        size: 'lg',
      },
      description: {
        md: 'Чтение 2033 из оперативных данных, запись в очередь 2033 для всех потребителей.',
      },
      tags: [],
      notation: 'Рабочий процесс системы',
      kind: 'worker',
      x: 135,
      y: -139,
      width: 491,
      height: 234,
      labelBBox: {
        x: 46,
        y: 77,
        width: 399,
        height: 77,
      },
      navigateTo: null,
      links: null,
    },
    {
      id: 'mkicsai.service.esp_worker',
      parent: 'mkicsai.service',
      level: 2,
      children: [],
      inEdges: [],
      outEdges: [
        '11u38vq',
        '1jyaxxu',
      ],
      title: 'Чтение и обработка данных из ЕС ПУЛ',
      modelRef: 'mkicsai.service.esp_worker',
      shape: 'component',
      color: 'muted',
      style: {
        opacity: 10,
        size: 'lg',
      },
      description: {
        md: 'Анализ оперативных данных и обновление данных о локомотивах и самодвижущемся подвижном составе (СПС).',
      },
      tags: [],
      notation: 'Рабочий процесс системы',
      kind: 'worker',
      x: 2183,
      y: 24,
      width: 522,
      height: 234,
      labelBBox: {
        x: 46,
        y: 67,
        width: 431,
        height: 98,
      },
      navigateTo: null,
      links: null,
    },
    {
      id: 'mkicsai.service.esr_worker',
      parent: 'mkicsai.service',
      level: 2,
      children: [],
      inEdges: [],
      outEdges: [
        'qei0hg',
        '1m8olw0',
      ],
      title: 'Обновление НСИ',
      modelRef: 'mkicsai.service.esr_worker',
      shape: 'component',
      color: 'muted',
      style: {
        opacity: 10,
        size: 'lg',
      },
      description: {
        md: 'Чтение НСИ из внешних сервисов и обновление данных в хранилище НСИ.',
      },
      tags: [],
      notation: 'Рабочий процесс системы',
      kind: 'worker',
      x: 2236,
      y: 380,
      width: 496,
      height: 234,
      labelBBox: {
        x: 46,
        y: 77,
        width: 404,
        height: 77,
      },
      navigateTo: null,
      links: null,
    },
    {
      id: 'mkicsai.service.clone_worker',
      parent: 'mkicsai.service',
      level: 2,
      children: [],
      inEdges: [],
      outEdges: [
        'rot8qj',
      ],
      title: 'Создание и чистка оперативных таблиц',
      modelRef: 'mkicsai.service.clone_worker',
      shape: 'component',
      color: 'muted',
      style: {
        opacity: 10,
        size: 'lg',
      },
      description: {
        md: 'Создание и очистка партиций оперативных таблиц.',
      },
      tags: [],
      notation: 'Рабочий процесс системы',
      kind: 'worker',
      x: 1514,
      y: 585,
      width: 549,
      height: 234,
      labelBBox: {
        x: 46,
        y: 77,
        width: 457,
        height: 77,
      },
      navigateTo: null,
      links: null,
    },
    {
      id: 'provider',
      parent: null,
      level: 0,
      children: [
        'provider.bin',
        'provider.sts',
      ],
      inEdges: [
        '17kzpji',
        '159qvt2',
      ],
      outEdges: [],
      title: 'Поставщики данных',
      modelRef: 'provider',
      shape: 'component',
      color: 'gray',
      style: {
        opacity: 10,
        size: 'md',
      },
      tags: [],
      notation: 'Внешний сервис',
      kind: 'external_service',
      depth: 1,
      x: 189,
      y: 943,
      width: 1086,
      height: 278,
      labelBBox: {
        x: 6,
        y: 0,
        width: 105,
        height: 15,
      },
      navigateTo: null,
      links: null,
    },
    {
      id: 'mkicsai.service.ecma_worker',
      parent: 'mkicsai.service',
      level: 2,
      children: [],
      inEdges: [
        '1icyx65',
        '1bndffp',
        '1uxfxkk',
        'pm19ml',
        'zgbhtb',
      ],
      outEdges: [
        'tcl4ze',
        '1f4ahyx',
      ],
      title: 'Анализ ошибок и отправка в ECMA',
      modelRef: 'mkicsai.service.ecma_worker',
      shape: 'component',
      color: 'muted',
      style: {
        opacity: 10,
        size: 'lg',
      },
      description: {
        md: 'Анализ оперативных данных на наличие ошибок, анализ и отправка в ECMA.\nПрием ошибок непосредственно от рабочих процессов, анализ и отправка в ECMA.\nОтправка в ECMA сообщений о прекращении снятия ошибки сформированной ранее.',
      },
      tags: [],
      notation: 'Рабочий процесс системы',
      kind: 'worker',
      x: 809,
      y: -378,
      width: 506,
      height: 234,
      labelBBox: {
        x: 46,
        y: 45,
        width: 414,
        height: 141,
      },
      navigateTo: null,
      links: null,
    },
    {
      id: 'external',
      parent: null,
      level: 0,
      children: [],
      inEdges: [
        '1jyaxxu',
        '1psftqh',
        '1m8olw0',
      ],
      outEdges: [],
      title: 'Внешние сервисы',
      modelRef: 'external',
      shape: 'component',
      color: 'gray',
      style: {
        opacity: 10,
        size: 'md',
      },
      tags: [],
      notation: 'Внешний сервис',
      kind: 'external_service',
      x: 3008,
      y: -7,
      width: 330,
      height: 180,
      labelBBox: {
        x: 82,
        y: 76,
        width: 165,
        height: 24,
      },
      navigateTo: null,
      links: null,
    },
    {
      id: 'provider.bin',
      parent: 'provider',
      level: 1,
      children: [],
      inEdges: [
        '17kzpji',
      ],
      outEdges: [],
      title: 'Сообщения BIN',
      modelRef: 'provider.bin',
      shape: 'queue',
      color: 'gray',
      style: {
        opacity: 10,
        size: 'md',
      },
      description: {
        txt: 'Очередь входных сообщений о прохождении подвижного состава через контрольные пункты.',
      },
      tags: [],
      kind: 'external_queue',
      x: 231,
      y: 1003,
      width: 393,
      height: 172,
      labelBBox: {
        x: 22,
        y: 52,
        width: 350,
        height: 65,
      },
      navigateTo: null,
      links: null,
    },
    {
      id: 'provider.sts',
      parent: 'provider',
      level: 1,
      children: [],
      inEdges: [
        '159qvt2',
      ],
      outEdges: [],
      title: 'Сообщения STS',
      modelRef: 'provider.sts',
      shape: 'queue',
      color: 'gray',
      style: {
        opacity: 10,
        size: 'md',
      },
      description: {
        txt: 'Очередь входных сообщений о состоянии оборудования и локомотивов.',
      },
      tags: [],
      kind: 'external_queue',
      x: 894,
      y: 1007,
      width: 339,
      height: 172,
      labelBBox: {
        x: 22,
        y: 52,
        width: 296,
        height: 65,
      },
      navigateTo: null,
      links: null,
    },
    {
      id: 'storage',
      parent: null,
      level: 0,
      children: [],
      inEdges: [
        '1e8kd7h',
        '1sq5s5x',
        '1eq61s4',
        'tcl4ze',
        '11u38vq',
        's3xxsd',
        '1070ctb',
        'qei0hg',
        'rot8qj',
      ],
      outEdges: [],
      title: 'Хранилище',
      modelRef: 'storage',
      shape: 'storage',
      color: 'indigo',
      style: {
        opacity: 10,
        size: 'lg',
      },
      tags: [],
      notation: 'Долговременное хранилище',
      kind: 'storage',
      x: 1553,
      y: 61,
      width: 420,
      height: 234,
      labelBBox: {
        x: 148,
        y: 101,
        width: 124,
        height: 28,
      },
      navigateTo: null,
      links: null,
    },
    {
      id: 'consumer',
      parent: null,
      level: 0,
      children: [
        'consumer.m2033',
        'consumer.ecma',
      ],
      inEdges: [
        'cvk6vt',
        '1f4ahyx',
      ],
      outEdges: [],
      title: 'Потребители данных',
      modelRef: 'consumer',
      shape: 'component',
      color: 'gray',
      style: {
        opacity: 10,
        size: 'md',
      },
      tags: [],
      notation: 'Внешний сервис',
      kind: 'external_service',
      depth: 1,
      x: 140,
      y: -1003,
      width: 1149,
      height: 281,
      labelBBox: {
        x: 6,
        y: 0,
        width: 111,
        height: 15,
      },
      navigateTo: null,
      links: null,
    },
    {
      id: 'consumer.m2033',
      parent: 'consumer',
      level: 1,
      children: [],
      inEdges: [
        'cvk6vt',
      ],
      outEdges: [],
      title: 'Сообщения 2033',
      modelRef: 'consumer.m2033',
      shape: 'queue',
      color: 'gray',
      style: {
        opacity: 10,
        size: 'md',
      },
      description: {
        txt: 'Очередь выходных сообщений в формате 2033 о прохождении подвижного состава через контрольные пункты.',
      },
      tags: [],
      kind: 'external_queue',
      x: 182,
      y: -936,
      width: 381,
      height: 172,
      labelBBox: {
        x: 22,
        y: 43,
        width: 337,
        height: 83,
      },
      navigateTo: null,
      links: null,
    },
    {
      id: 'consumer.ecma',
      parent: 'consumer',
      level: 1,
      children: [],
      inEdges: [
        '1f4ahyx',
      ],
      outEdges: [],
      title: 'Сообщения ECMA',
      modelRef: 'consumer.ecma',
      shape: 'queue',
      color: 'gray',
      style: {
        opacity: 10,
        size: 'md',
      },
      description: {
        txt: 'Очередь выходных сообщений в формате ECMA о сбоях и ошибках в работе оборудования.',
      },
      tags: [],
      kind: 'external_queue',
      x: 856,
      y: -943,
      width: 391,
      height: 172,
      labelBBox: {
        x: 22,
        y: 52,
        width: 347,
        height: 65,
      },
      navigateTo: null,
      links: null,
    },
  ],
  edges: [
    {
      id: '1icyx65',
      parent: 'mkicsai.service',
      source: 'mkicsai.service.aoc_worker',
      target: 'mkicsai.service.ecma_worker',
      label: 'Пересылка ошибки',
      relations: [
        '1r9b0t8',
      ],
      color: 'gray',
      line: 'dashed',
      head: 'normal',
      points: [
        [
          1066,
          356,
        ],
        [
          1122,
          391,
        ],
        [
          1183,
          429,
        ],
        [
          1239,
          464,
        ],
      ],
      labelBBox: {
        x: 706,
        y: 67,
        width: 125,
        height: 18,
      },
      controlPoints: [
        {
          x: 706,
          y: 67,
        },
        {
          x: 765,
          y: 12,
        },
      ],
      navigateTo: null,
      tags: null,
    },
    {
      id: '1bndffp',
      parent: 'mkicsai.service',
      source: 'mkicsai.service.bin_worker',
      target: 'mkicsai.service.ecma_worker',
      label: 'Пересылка ошибки',
      relations: [
        'nqlq3a',
      ],
      color: 'gray',
      line: 'dashed',
      head: 'normal',
      points: [
        [
          1425,
          356,
        ],
        [
          1424,
          379,
        ],
        [
          1424,
          402,
        ],
        [
          1424,
          424,
        ],
        [
          1425,
          436,
        ],
        [
          1425,
          447,
        ],
        [
          1426,
          459,
        ],
      ],
      labelBBox: {
        x: 1433,
        y: -374,
        width: 125,
        height: 18,
      },
      controlPoints: [
        {
          x: 1433,
          y: -374,
        },
        {
          x: 1363,
          y: -351,
        },
      ],
      navigateTo: null,
      tags: null,
    },
    {
      id: '1uxfxkk',
      parent: 'mkicsai.service',
      source: 'mkicsai.service.sts_worker',
      target: 'mkicsai.service.ecma_worker',
      label: 'Пересылка ошибки',
      relations: [
        '1yunivb',
      ],
      color: 'gray',
      line: 'dashed',
      head: 'normal',
      points: [
        [
          1740,
          344,
        ],
        [
          1680,
          369,
        ],
        [
          1630,
          392,
        ],
        [
          1616,
          401,
        ],
        [
          1591,
          419,
        ],
        [
          1566,
          440,
        ],
        [
          1543,
          462,
        ],
      ],
      labelBBox: {
        x: 1057,
        y: 211,
        width: 125,
        height: 18,
      },
      controlPoints: [
        {
          x: 1057,
          y: 211,
        },
        {
          x: 1058,
          y: 134,
        },
      ],
      navigateTo: null,
      tags: null,
    },
    {
      id: 'pm19ml',
      parent: 'mkicsai.service',
      source: 'mkicsai.service.aso_worker',
      target: 'mkicsai.service.ecma_worker',
      label: 'Пересылка ошибки',
      relations: [
        'i6dcrv',
      ],
      color: 'gray',
      line: 'dashed',
      head: 'normal',
      points: [
        [
          2296,
          347,
        ],
        [
          2286,
          350,
        ],
        [
          2276,
          353,
        ],
        [
          2266,
          356,
        ],
        [
          2171,
          385,
        ],
        [
          2145,
          379,
        ],
        [
          2048,
          401,
        ],
        [
          1932,
          429,
        ],
        [
          1805,
          466,
        ],
        [
          1697,
          499,
        ],
      ],
      labelBBox: {
        x: 1834,
        y: -249,
        width: 125,
        height: 18,
      },
      controlPoints: [
        {
          x: 1834,
          y: -249,
        },
        {
          x: 1654,
          y: -251,
        },
      ],
      navigateTo: null,
      tags: null,
    },
    {
      id: 'zgbhtb',
      parent: 'mkicsai.service',
      source: 'mkicsai.service.m2033_worker',
      target: 'mkicsai.service.ecma_worker',
      label: 'Пересылка ошибки',
      relations: [
        '1uzr0jh',
      ],
      color: 'gray',
      line: 'dashed',
      head: 'normal',
      points: [
        [
          571,
          345,
        ],
        [
          582,
          349,
        ],
        [
          592,
          353,
        ],
        [
          602,
          356,
        ],
        [
          790,
          421,
        ],
        [
          1006,
          480,
        ],
        [
          1171,
          522,
        ],
      ],
      labelBBox: {
        x: 693,
        y: -130,
        width: 125,
        height: 18,
      },
      controlPoints: [
        {
          x: 693,
          y: -130,
        },
        {
          x: 736,
          y: -145,
        },
      ],
      navigateTo: null,
      tags: null,
    },
    {
      id: '1e8kd7h',
      parent: null,
      source: 'mkicsai.service.aoc_worker',
      target: 'storage',
      label: 'Запись',
      relations: [
        'hptqpr',
      ],
      color: 'gray',
      line: 'dashed',
      head: 'normal',
      points: [
        [
          1128,
          349,
        ],
        [
          1138,
          352,
        ],
        [
          1148,
          354,
        ],
        [
          1158,
          356,
        ],
        [
          1252,
          378,
        ],
        [
          1944,
          351,
        ],
        [
          2027,
          401,
        ],
        [
          2109,
          451,
        ],
        [
          2216,
          690,
        ],
        [
          2278,
          841,
        ],
      ],
      labelBBox: {
        x: 1016,
        y: 269,
        width: 51,
        height: 18,
      },
      controlPoints: [
        {
          x: 1016,
          y: 269,
        },
        {
          x: 1195,
          y: 247,
        },
      ],
      navigateTo: null,
      tags: null,
    },
    {
      id: '1sq5s5x',
      parent: null,
      source: 'mkicsai.service.bin_worker',
      target: 'storage',
      label: '[...]',
      relations: [
        'lry88n',
        'd4ns1c',
        '1udmiyg',
        '3ha2bd',
      ],
      color: 'gray',
      line: 'dashed',
      head: 'normal',
      points: [
        [
          1679,
          348,
        ],
        [
          1690,
          351,
        ],
        [
          1700,
          354,
        ],
        [
          1710,
          356,
        ],
        [
          1774,
          372,
        ],
        [
          2258,
          354,
        ],
        [
          2304,
          401,
        ],
        [
          2362,
          462,
        ],
        [
          2353,
          692,
        ],
        [
          2341,
          840,
        ],
      ],
      labelBBox: {
        x: 1749,
        y: -178,
        width: 25,
        height: 18,
      },
      controlPoints: [
        {
          x: 1749,
          y: -178,
        },
        {
          x: 1751,
          y: -110,
        },
      ],
      navigateTo: null,
      tags: null,
    },
    {
      id: '1eq61s4',
      parent: null,
      source: 'mkicsai.service.sts_worker',
      target: 'storage',
      label: 'Расшифровка/Запись',
      relations: [
        '1bpzcbo',
      ],
      color: 'gray',
      line: 'dashed',
      head: 'normal',
      points: [
        [
          2236,
          344,
        ],
        [
          2246,
          348,
        ],
        [
          2256,
          352,
        ],
        [
          2266,
          356,
        ],
        [
          2319,
          377,
        ],
        [
          2353,
          355,
        ],
        [
          2385,
          401,
        ],
        [
          2474,
          531,
        ],
        [
          2430,
          718,
        ],
        [
          2384,
          841,
        ],
      ],
      labelBBox: {
        x: 1382,
        y: 410,
        width: 140,
        height: 18,
      },
      controlPoints: [
        {
          x: 1382,
          y: 410,
        },
        {
          x: 1436,
          y: 377,
        },
      ],
      navigateTo: null,
      tags: null,
    },
    {
      id: 'tcl4ze',
      parent: null,
      source: 'mkicsai.service.ecma_worker',
      target: 'storage',
      label: 'Чтение/Анализ',
      relations: [
        'k4049p',
      ],
      color: 'gray',
      line: 'dashed',
      head: 'normal',
      points: [
        [
          1627,
          703,
        ],
        [
          1691,
          739,
        ],
        [
          1763,
          776,
        ],
        [
          1832,
          806,
        ],
        [
          1920,
          844,
        ],
        [
          2019,
          878,
        ],
        [
          2106,
          905,
        ],
      ],
      labelBBox: {
        x: 1408,
        y: -43,
        width: 101,
        height: 18,
      },
      controlPoints: [
        {
          x: 1408,
          y: -43,
        },
        {
          x: 1455,
          y: -14,
        },
      ],
      navigateTo: null,
      tags: null,
    },
    {
      id: '11u38vq',
      parent: null,
      source: 'mkicsai.service.esp_worker',
      target: 'storage',
      label: 'Запись',
      relations: [
        '1wpn26',
      ],
      color: 'gray',
      line: 'dashed',
      head: 'normal',
      points: [
        [
          3683,
          356,
        ],
        [
          3602,
          480,
        ],
        [
          3456,
          673,
        ],
        [
          3278,
          775,
        ],
        [
          3052,
          905,
        ],
        [
          2751,
          948,
        ],
        [
          2548,
          962,
        ],
      ],
      labelBBox: {
        x: 2112,
        y: 159,
        width: 51,
        height: 18,
      },
      controlPoints: [
        {
          x: 2112,
          y: 159,
        },
        {
          x: 2052,
          y: 162,
        },
      ],
      navigateTo: null,
      tags: null,
    },
    {
      id: 's3xxsd',
      parent: null,
      source: 'mkicsai.service.aso_worker',
      target: 'storage',
      label: '[...]',
      relations: [
        '15wkgp4',
        '1m71fts',
      ],
      color: 'gray',
      line: 'dashed',
      head: 'normal',
      points: [
        [
          2677,
          356,
        ],
        [
          2687,
          371,
        ],
        [
          2695,
          386,
        ],
        [
          2701,
          401,
        ],
        [
          2721,
          456,
        ],
        [
          2905,
          377,
        ],
        [
          2631,
          775,
        ],
        [
          2609,
          808,
        ],
        [
          2579,
          836,
        ],
        [
          2546,
          860,
        ],
      ],
      labelBBox: {
        x: 2127,
        y: -49,
        width: 25,
        height: 18,
      },
      controlPoints: [
        {
          x: 2127,
          y: -49,
        },
        {
          x: 2063,
          y: -9,
        },
      ],
      navigateTo: null,
      tags: null,
    },
    {
      id: '1070ctb',
      parent: null,
      source: 'mkicsai.service.m2033_worker',
      target: 'storage',
      label: 'Чтение',
      relations: [
        '13oq3y7',
      ],
      color: 'gray',
      line: 'dashed',
      head: 'normal',
      points: [
        [
          571,
          349,
        ],
        [
          582,
          352,
        ],
        [
          592,
          354,
        ],
        [
          602,
          356,
        ],
        [
          675,
          372,
        ],
        [
          1890,
          352,
        ],
        [
          1946,
          401,
        ],
        [
          2071,
          513,
        ],
        [
          1908,
          636,
        ],
        [
          2001,
          775,
        ],
        [
          2028,
          815,
        ],
        [
          2067,
          848,
        ],
        [
          2108,
          875,
        ],
      ],
      labelBBox: {
        x: 993,
        y: 66,
        width: 51,
        height: 18,
      },
      controlPoints: [
        {
          x: 993,
          y: 66,
        },
        {
          x: 1181,
          y: 93,
        },
      ],
      navigateTo: null,
      tags: null,
    },
    {
      id: 'qei0hg',
      parent: null,
      source: 'mkicsai.service.esr_worker',
      target: 'storage',
      label: 'Чтение',
      relations: [
        '33sy5b',
      ],
      color: 'gray',
      line: 'dashed',
      head: 'normal',
      points: [
        [
          4227,
          356,
        ],
        [
          4113,
          484,
        ],
        [
          3912,
          682,
        ],
        [
          3692,
          775,
        ],
        [
          3490,
          860,
        ],
        [
          2880,
          922,
        ],
        [
          2548,
          950,
        ],
      ],
      labelBBox: {
        x: 2141,
        y: 345,
        width: 51,
        height: 18,
      },
      controlPoints: [
        {
          x: 2141,
          y: 345,
        },
        {
          x: 2072,
          y: 315,
        },
      ],
      navigateTo: null,
      tags: null,
    },
    {
      id: 'rot8qj',
      parent: null,
      source: 'mkicsai.service.clone_worker',
      target: 'storage',
      label: 'Создание/очистка партиций',
      relations: [
        '1aku3ow',
        '186ktbh',
      ],
      color: 'gray',
      line: 'dashed',
      head: 'normal',
      points: [
        [
          3111,
          356,
        ],
        [
          3058,
          476,
        ],
        [
          2959,
          662,
        ],
        [
          2822,
          775,
        ],
        [
          2743,
          840,
        ],
        [
          2640,
          885,
        ],
        [
          2548,
          915,
        ],
      ],
      labelBBox: {
        x: 1774,
        y: 458,
        width: 191,
        height: 18,
      },
      controlPoints: [
        {
          x: 1774,
          y: 458,
        },
        {
          x: 1774,
          y: 418,
        },
      ],
      navigateTo: null,
      tags: null,
    },
    {
      id: '17kzpji',
      parent: null,
      source: 'mkicsai.service.aoc_worker',
      target: 'provider.bin',
      label: 'Чтение',
      relations: [
        'r1cxel',
      ],
      color: 'gray',
      line: 'dashed',
      head: 'normal',
      points: [
        [
          1128,
          349,
        ],
        [
          1138,
          352,
        ],
        [
          1148,
          354,
        ],
        [
          1158,
          356,
        ],
        [
          1381,
          406,
        ],
        [
          1958,
          390,
        ],
        [
          2186,
          401,
        ],
        [
          2374,
          411,
        ],
        [
          2421,
          418,
        ],
        [
          2609,
          424,
        ],
        [
          2665,
          426,
        ],
        [
          4571,
          426,
        ],
        [
          4626,
          439,
        ],
        [
          4677,
          451,
        ],
        [
          4730,
          473,
        ],
        [
          4777,
          496,
        ],
      ],
      labelBBox: {
        x: 419,
        y: 700,
        width: 51,
        height: 18,
      },
      controlPoints: [
        {
          x: 419,
          y: 700,
        },
        {
          x: 421,
          y: 782,
        },
      ],
      navigateTo: null,
      tags: null,
    },
    {
      id: '159qvt2',
      parent: null,
      source: 'mkicsai.service.sts_worker',
      target: 'provider.sts',
      label: 'Чтение',
      relations: [
        '1m8izh3',
      ],
      color: 'gray',
      line: 'dashed',
      head: 'normal',
      points: [
        [
          2236,
          348,
        ],
        [
          2246,
          351,
        ],
        [
          2256,
          354,
        ],
        [
          2266,
          356,
        ],
        [
          2464,
          404,
        ],
        [
          2974,
          416,
        ],
        [
          3177,
          424,
        ],
        [
          3232,
          426,
        ],
        [
          5105,
          422,
        ],
        [
          5157,
          439,
        ],
        [
          5193,
          451,
        ],
        [
          5227,
          472,
        ],
        [
          5258,
          494,
        ],
      ],
      labelBBox: {
        x: 1060,
        y: 840,
        width: 51,
        height: 18,
      },
      controlPoints: [
        {
          x: 1060,
          y: 840,
        },
        {
          x: 1058,
          y: 892,
        },
      ],
      navigateTo: null,
      tags: null,
    },
    {
      id: 'cvk6vt',
      parent: null,
      source: 'mkicsai.service.m2033_worker',
      target: 'consumer.m2033',
      label: 'Запись',
      relations: [
        '94heh4',
      ],
      color: 'gray',
      line: 'dashed',
      head: 'normal',
      points: [
        [
          368,
          356,
        ],
        [
          421,
          499,
        ],
        [
          509,
          740,
        ],
        [
          557,
          872,
        ],
      ],
      labelBBox: {
        x: 374,
        y: -399,
        width: 51,
        height: 18,
      },
      controlPoints: [
        {
          x: 374,
          y: -399,
        },
        {
          x: 373,
          y: -508,
        },
      ],
      navigateTo: null,
      tags: null,
    },
    {
      id: '1f4ahyx',
      parent: null,
      source: 'mkicsai.service.ecma_worker',
      target: 'consumer.ecma',
      label: 'Запись',
      relations: [
        '4pjur3',
      ],
      color: 'gray',
      line: 'dashed',
      head: 'normal',
      points: [
        [
          1313,
          703,
        ],
        [
          1256,
          758,
        ],
        [
          1188,
          823,
        ],
        [
          1134,
          875,
        ],
      ],
      labelBBox: {
        x: 1056,
        y: -522,
        width: 51,
        height: 18,
      },
      controlPoints: [
        {
          x: 1056,
          y: -522,
        },
        {
          x: 1054,
          y: -612,
        },
      ],
      navigateTo: null,
      tags: null,
    },
    {
      id: '1jyaxxu',
      parent: null,
      source: 'mkicsai.service.esp_worker',
      target: 'external',
      label: 'Чтение',
      relations: [
        'kac7vz',
      ],
      color: 'gray',
      line: 'dashed',
      head: 'normal',
      points: [
        [
          4014,
          349,
        ],
        [
          4025,
          352,
        ],
        [
          4035,
          354,
        ],
        [
          4045,
          356,
        ],
        [
          4129,
          375,
        ],
        [
          5502,
          409,
        ],
        [
          5582,
          439,
        ],
        [
          5614,
          451,
        ],
        [
          5644,
          470,
        ],
        [
          5671,
          490,
        ],
      ],
      labelBBox: {
        x: 2793,
        y: 112,
        width: 51,
        height: 18,
      },
      controlPoints: [
        {
          x: 2793,
          y: 112,
        },
        {
          x: 2884,
          y: 104,
        },
      ],
      navigateTo: null,
      tags: null,
    },
    {
      id: '1psftqh',
      parent: null,
      source: 'mkicsai.service.aso_worker',
      target: 'external',
      label: 'Чтение',
      relations: [
        '1vjkppq',
      ],
      color: 'gray',
      line: 'dashed',
      head: 'normal',
      points: [
        [
          2822,
          349,
        ],
        [
          2832,
          352,
        ],
        [
          2842,
          354,
        ],
        [
          2852,
          356,
        ],
        [
          3311,
          452,
        ],
        [
          4493,
          411,
        ],
        [
          4962,
          424,
        ],
        [
          4997,
          425,
        ],
        [
          5550,
          428,
        ],
        [
          5582,
          439,
        ],
        [
          5614,
          450,
        ],
        [
          5645,
          469,
        ],
        [
          5672,
          490,
        ],
      ],
      labelBBox: {
        x: 2790,
        y: -87,
        width: 51,
        height: 18,
      },
      controlPoints: [
        {
          x: 2790,
          y: -87,
        },
        {
          x: 2882,
          y: -45,
        },
      ],
      navigateTo: null,
      tags: null,
    },
    {
      id: '1m8olw0',
      parent: null,
      source: 'mkicsai.service.esr_worker',
      target: 'external',
      label: 'Чтение',
      relations: [
        '640d30',
      ],
      color: 'gray',
      line: 'dashed',
      head: 'normal',
      points: [
        [
          4571,
          244,
        ],
        [
          4832,
          255,
        ],
        [
          5251,
          297,
        ],
        [
          5582,
          439,
        ],
        [
          5612,
          452,
        ],
        [
          5641,
          471,
        ],
        [
          5668,
          490,
        ],
      ],
      labelBBox: {
        x: 2810,
        y: 299,
        width: 51,
        height: 18,
      },
      controlPoints: [
        {
          x: 2810,
          y: 299,
        },
        {
          x: 2896,
          y: 247,
        },
      ],
      navigateTo: null,
      tags: null,
    },
  ],
  _layout: 'manual',
}
