{
  _type: 'element',
  tags: null,
  links: null,
  _stage: 'layouted',
  sourcePath: 'mkicsai.c4',
  description: {
    md: 'Веб-приложение для управления работой системы, \nанализа работы оборудования и локомотивов, \nанализа качества распознавания прохождения подвижного состава.',
  },
  title: 'КИ-Ц САИ ПС.ИНП (SPA)',
  id: 'spa_view',
  autoLayout: {
    direction: 'TB',
    nodeSep: 50,
    rankSep: 75,
  },
  notation: {
    nodes: [
      {
        title: 'Web-приложение',
        shape: 'browser',
        color: 'primary',
        kinds: [
          'spa',
        ],
      },
      {
        title: 'API',
        shape: 'component',
        color: 'primary',
        kinds: [
          'api',
        ],
      },
      {
        title: 'Пользователи системы',
        shape: 'person',
        color: 'green',
        kinds: [
          'staff',
        ],
      },
      {
        title: 'Контейнер системы',
        shape: 'rectangle',
        color: 'primary',
        kinds: [
          'container',
        ],
      },
      {
        title: 'Долговременное хранилище',
        shape: 'storage',
        color: 'indigo',
        kinds: [
          'storage',
        ],
      },
      {
        title: 'Кэш',
        shape: 'storage',
        color: 'indigo',
        kinds: [
          'cash',
        ],
      },
      {
        title: 'Хранилище логов',
        shape: 'storage',
        color: 'indigo',
        kinds: [
          'log_storage',
        ],
      },
      {
        title: 'Хранилище с кэшем.',
        shape: 'storage',
        color: 'indigo',
        kinds: [
          'cash_storage',
        ],
      },
    ],
  },
  hash: 'lNqGs6CaVZg5iG_SoM3LVwnGFOZZOYHSJQq56wYEPW4',
  bounds: {
    x: 83,
    y: -226,
    width: 2293,
    height: 1436,
  },
  nodes: [
    {
      id: 'staff',
      parent: null,
      level: 0,
      children: [
        'staff.admin',
        'staff.operator',
      ],
      inEdges: [],
      outEdges: [
        '1bj8uhl',
        '4r9bfa',
      ],
      title: 'Пользователи системы',
      modelRef: 'staff',
      shape: 'person',
      color: 'green',
      style: {
        opacity: 10,
        size: 'md',
      },
      tags: [],
      notation: 'Пользователи системы',
      kind: 'staff',
      depth: 1,
      x: 110,
      y: 195,
      width: 488,
      height: 618,
      labelBBox: {
        x: 6,
        y: 0,
        width: 123,
        height: 15,
      },
      navigateTo: null,
      links: null,
    },
    {
      id: 'staff.admin',
      parent: 'staff',
      level: 1,
      children: [],
      inEdges: [],
      outEdges: [
        '1bj8uhl',
      ],
      title: 'Администраторы системы',
      modelRef: 'staff.admin',
      shape: 'person',
      color: 'green',
      style: {
        opacity: 10,
        size: 'md',
      },
      description: {
        txt: 'Анализ работы и настройка системы. Управление доступом к системе.',
      },
      tags: [],
      notation: 'Пользователи системы',
      kind: 'staff',
      x: 152,
      y: 591,
      width: 390,
      height: 180,
      labelBBox: {
        x: 18,
        y: 56,
        width: 354,
        height: 65,
      },
      navigateTo: null,
      links: null,
    },
    {
      id: 'staff.operator',
      parent: 'staff',
      level: 1,
      children: [],
      inEdges: [],
      outEdges: [
        '4r9bfa',
      ],
      title: 'Операторы',
      modelRef: 'staff.operator',
      shape: 'person',
      color: 'green',
      style: {
        opacity: 10,
        size: 'md',
      },
      description: {
        txt: 'Анализ работы и сбоев оборудования, анализ качества распознавания прохождения подвижного состава.',
      },
      tags: [],
      notation: 'Пользователи системы',
      kind: 'staff',
      x: 154,
      y: 255,
      width: 402,
      height: 180,
      labelBBox: {
        x: 18,
        y: 47,
        width: 367,
        height: 83,
      },
      navigateTo: null,
      links: null,
    },
    {
      id: 'mkicsai',
      parent: null,
      level: 0,
      children: [
        'mkicsai.app',
      ],
      inEdges: [
        '1bj8uhl',
        '4r9bfa',
      ],
      outEdges: [
        '1i6bflv',
        '19tarpn',
        '1nle8w1',
        '3r2iav',
        'xzufe5',
        '22xua9',
        '195jt0o',
      ],
      title: 'КИ-Ц САИ ПС.ИНП',
      modelRef: 'mkicsai',
      shape: 'rectangle',
      color: 'primary',
      style: {
        opacity: 10,
        size: 'xl',
      },
      description: {
        md: 'Концентратор информации центрального уровня предназначен для отслеживания \nв реальном времени прохождений железнодорожного подвижного состава через контрольные пункты.',
      },
      tags: [],
      notation: 'Контейнер системы',
      kind: 'container',
      depth: 2,
      x: 921,
      y: 328,
      width: 1128,
      height: 420,
      labelBBox: {
        x: 6,
        y: 0,
        width: 84,
        height: 15,
      },
      navigateTo: null,
      links: null,
    },
    {
      id: 'mkicsai.app',
      parent: 'mkicsai',
      level: 1,
      children: [
        'mkicsai.app.spa',
        'mkicsai.app.api',
      ],
      inEdges: [
        '1bj8uhl',
        '4r9bfa',
      ],
      outEdges: [
        '1i6bflv',
        '19tarpn',
        '1nle8w1',
        '3r2iav',
        'xzufe5',
        '22xua9',
        '195jt0o',
      ],
      title: 'КИ-Ц САИ ПС.ИНП (приложение)',
      modelRef: 'mkicsai.app',
      shape: 'rectangle',
      color: 'primary',
      style: {
        opacity: 10,
        size: 'xl',
      },
      description: {
        txt: 'Приложение для управления работой системы, анализа работы оборудования и локомотивов, анализа качества распознавания прохождения подвижного состава.',
      },
      tags: [],
      notation: 'Контейнер системы',
      kind: 'container',
      depth: 1,
      x: 953,
      y: 381,
      width: 1064,
      height: 335,
      labelBBox: {
        x: 6,
        y: 0,
        width: 156,
        height: 15,
      },
      navigateTo: null,
      links: null,
    },
    {
      id: 'mkicsai.app.spa',
      parent: 'mkicsai.app',
      level: 2,
      children: [],
      inEdges: [
        '1bj8uhl',
        '4r9bfa',
      ],
      outEdges: [
        '404tw0',
      ],
      title: 'Web-приложение',
      modelRef: 'mkicsai.app.spa',
      shape: 'browser',
      color: 'primary',
      style: {
        opacity: 10,
        size: 'lg',
      },
      description: {
        txt: 'Клиентская часть (desktop)',
      },
      tags: [],
      notation: 'Web-приложение',
      kind: 'spa',
      x: 993,
      y: 442,
      width: 420,
      height: 234,
      labelBBox: {
        x: 90,
        y: 88,
        width: 239,
        height: 55,
      },
      navigateTo: null,
      links: null,
    },
    {
      id: 'mkicsai.app.api',
      parent: 'mkicsai.app',
      level: 2,
      children: [],
      inEdges: [
        '404tw0',
      ],
      outEdges: [
        '1i6bflv',
        '19tarpn',
        '1nle8w1',
        '3r2iav',
        'xzufe5',
        '22xua9',
        '195jt0o',
      ],
      title: 'API',
      modelRef: 'mkicsai.app.api',
      shape: 'component',
      color: 'primary',
      style: {
        opacity: 10,
        size: 'lg',
      },
      description: {
        txt: 'API для взаимодействия с сервисом.',
      },
      tags: [],
      notation: 'API',
      kind: 'api',
      x: 1547,
      y: 442,
      width: 430,
      height: 234,
      labelBBox: {
        x: 56,
        y: 88,
        width: 318,
        height: 55,
      },
      navigateTo: null,
      links: null,
    },
    {
      id: 'storage',
      parent: null,
      level: 0,
      children: [
        'storage.secret_storage',
        'storage.session_storage',
        'storage.nsi_storage',
        'storage.stat_storage',
        'storage.operational_storage',
        'storage.log_storage',
        'storage.external_storage',
      ],
      inEdges: [
        '1i6bflv',
        '19tarpn',
        '1nle8w1',
        '3r2iav',
        'xzufe5',
        '22xua9',
        '195jt0o',
      ],
      outEdges: [],
      title: 'Хранилище',
      modelRef: 'storage',
      shape: 'storage',
      color: 'indigo',
      style: {
        opacity: 10,
        size: 'lg',
      },
      tags: [],
      notation: 'Долговременное хранилище',
      kind: 'storage',
      depth: 1,
      x: 103,
      y: -206,
      width: 2253,
      height: 1396,
      labelBBox: {
        x: 6,
        y: 0,
        width: 59,
        height: 15,
      },
      navigateTo: null,
      links: null,
    },
    {
      id: 'storage.secret_storage',
      parent: 'storage',
      level: 1,
      children: [],
      inEdges: [
        '1i6bflv',
      ],
      outEdges: [],
      title: 'Секреты',
      modelRef: 'storage.secret_storage',
      shape: 'storage',
      color: 'indigo',
      style: {
        opacity: 10,
        size: 'lg',
      },
      description: {
        txt: 'Хранилище данных для аутентификации и авторизации.',
      },
      tags: [],
      notation: 'Долговременное хранилище',
      kind: 'storage',
      x: 145,
      y: 901,
      width: 420,
      height: 234,
      labelBBox: {
        x: 33,
        y: 77,
        width: 354,
        height: 77,
      },
      navigateTo: null,
      links: null,
    },
    {
      id: 'storage.session_storage',
      parent: 'storage',
      level: 1,
      children: [],
      inEdges: [
        '19tarpn',
      ],
      outEdges: [],
      title: 'Сессий',
      modelRef: 'storage.session_storage',
      shape: 'storage',
      color: 'indigo',
      style: {
        opacity: 10,
        size: 'lg',
      },
      description: {
        txt: 'Хранилище данных для сессий пользователей.',
      },
      tags: [],
      notation: 'Кэш',
      kind: 'cash',
      x: 681,
      y: 901,
      width: 451,
      height: 234,
      labelBBox: {
        x: 26,
        y: 88,
        width: 399,
        height: 55,
      },
      navigateTo: null,
      links: null,
    },
    {
      id: 'storage.nsi_storage',
      parent: 'storage',
      level: 1,
      children: [],
      inEdges: [
        '1nle8w1',
      ],
      outEdges: [],
      title: 'НСИ',
      modelRef: 'storage.nsi_storage',
      shape: 'storage',
      color: 'indigo',
      style: {
        opacity: 10,
        size: 'lg',
      },
      description: {
        txt: 'Хранилище данных для нормативно справочной информации.',
      },
      tags: [],
      notation: 'Долговременное хранилище',
      kind: 'storage',
      x: 1276,
      y: 900,
      width: 456,
      height: 234,
      labelBBox: {
        x: 26,
        y: 77,
        width: 404,
        height: 77,
      },
      navigateTo: null,
      links: null,
    },
    {
      id: 'storage.stat_storage',
      parent: 'storage',
      level: 1,
      children: [],
      inEdges: [
        '3r2iav',
      ],
      outEdges: [],
      title: 'Статистика',
      modelRef: 'storage.stat_storage',
      shape: 'storage',
      color: 'indigo',
      style: {
        opacity: 10,
        size: 'lg',
      },
      description: {
        txt: 'Хранилище статистических для улучшения качества расшифровки прохождения подвижного состава.',
      },
      tags: [],
      notation: 'Долговременное хранилище',
      kind: 'storage',
      x: 1843,
      y: 914,
      width: 471,
      height: 234,
      labelBBox: {
        x: 26,
        y: 67,
        width: 419,
        height: 98,
      },
      navigateTo: null,
      links: null,
    },
    {
      id: 'storage.operational_storage',
      parent: 'storage',
      level: 1,
      children: [],
      inEdges: [
        'xzufe5',
      ],
      outEdges: [],
      title: 'Оперативные данные',
      modelRef: 'storage.operational_storage',
      shape: 'storage',
      color: 'indigo',
      style: {
        opacity: 10,
        size: 'lg',
      },
      description: {
        txt: 'Входящие сообщения, результаты расшифровки, результаты анализа ошибок, подготовленные сообщения 2033, сообщения ECMA.',
      },
      tags: [],
      notation: 'Хранилище логов',
      kind: 'log_storage',
      x: 548,
      y: -142,
      width: 461,
      height: 234,
      labelBBox: {
        x: 26,
        y: 67,
        width: 409,
        height: 98,
      },
      navigateTo: null,
      links: null,
    },
    {
      id: 'storage.log_storage',
      parent: 'storage',
      level: 1,
      children: [],
      inEdges: [
        '22xua9',
      ],
      outEdges: [],
      title: 'Журналы и мониторинг',
      modelRef: 'storage.log_storage',
      shape: 'storage',
      color: 'indigo',
      style: {
        opacity: 10,
        size: 'lg',
      },
      description: {
        txt: 'Журналы работы рабочих процессов, журналы ошибок, журналы мониторинга.',
      },
      tags: [],
      notation: 'Хранилище логов',
      kind: 'log_storage',
      x: 1236,
      y: -142,
      width: 441,
      height: 234,
      labelBBox: {
        x: 26,
        y: 77,
        width: 389,
        height: 77,
      },
      navigateTo: null,
      links: null,
    },
    {
      id: 'storage.external_storage',
      parent: 'storage',
      level: 1,
      children: [],
      inEdges: [
        '195jt0o',
      ],
      outEdges: [],
      title: 'Данные внешних сервисов',
      modelRef: 'storage.external_storage',
      shape: 'storage',
      color: 'indigo',
      style: {
        opacity: 10,
        size: 'lg',
      },
      description: {
        txt: 'Данные внешних сервисов, полученные из ЕС ПУЛ, ЕМД ПП',
      },
      tags: [],
      notation: 'Хранилище с кэшем.',
      kind: 'cash_storage',
      x: 1869,
      y: -146,
      width: 436,
      height: 234,
      labelBBox: {
        x: 26,
        y: 77,
        width: 384,
        height: 77,
      },
      navigateTo: null,
      links: null,
    },
  ],
  edges: [
    {
      id: '404tw0',
      parent: 'mkicsai.app',
      source: 'mkicsai.app.spa',
      target: 'mkicsai.app.api',
      label: 'Использует',
      relations: [
        '1rfyalp',
      ],
      color: 'gray',
      line: 'dashed',
      head: 'normal',
      points: [
        [
          1413,
          559,
        ],
        [
          1453,
          559,
        ],
        [
          1496,
          559,
        ],
        [
          1537,
          559,
        ],
      ],
      labelBBox: {
        x: 1439,
        y: 535,
        width: 82,
        height: 18,
      },
      controlPoints: null,
      navigateTo: null,
      tags: null,
    },
    {
      id: '1bj8uhl',
      parent: null,
      source: 'staff.admin',
      target: 'mkicsai.app.spa',
      label: 'Управление',
      relations: [
        '7iox0l',
      ],
      color: 'gray',
      line: 'dashed',
      head: 'normal',
      points: [
        [
          1000,
          249,
        ],
        [
          1036,
          303,
        ],
        [
          1082,
          374,
        ],
        [
          1121,
          434,
        ],
      ],
      labelBBox: {
        x: 722,
        y: 627,
        width: 82,
        height: 18,
      },
      controlPoints: [
        {
          x: 722,
          y: 627,
        },
        {
          x: 813,
          y: 615,
        },
      ],
      navigateTo: null,
      tags: null,
    },
    {
      id: '4r9bfa',
      parent: null,
      source: 'staff.operator',
      target: 'mkicsai.app.spa',
      label: 'Анализ и настройка',
      relations: [
        '1vb8rv1',
      ],
      color: 'gray',
      line: 'dashed',
      head: 'normal',
      points: [
        [
          1347,
          249,
        ],
        [
          1322,
          303,
        ],
        [
          1289,
          373,
        ],
        [
          1261,
          433,
        ],
      ],
      labelBBox: {
        x: 731,
        y: 440,
        width: 136,
        height: 18,
      },
      controlPoints: [
        {
          x: 731,
          y: 440,
        },
        {
          x: 818,
          y: 462,
        },
      ],
      navigateTo: null,
      tags: null,
    },
    {
      id: '1i6bflv',
      parent: null,
      source: 'mkicsai.app.api',
      target: 'storage.secret_storage',
      label: 'Аутентификация',
      relations: [
        '191y6t5',
      ],
      color: 'gray',
      line: 'dashed',
      head: 'normal',
      points: [
        [
          1599,
          676,
        ],
        [
          1550,
          706,
        ],
        [
          1494,
          733,
        ],
        [
          1438,
          748,
        ],
        [
          1409,
          756,
        ],
        [
          930,
          755,
        ],
        [
          900,
          756,
        ],
        [
          719,
          765,
        ],
        [
          663,
          723,
        ],
        [
          493,
          787,
        ],
        [
          458,
          800,
        ],
        [
          424,
          821,
        ],
        [
          393,
          843,
        ],
      ],
      labelBBox: {
        x: 1154,
        y: 757,
        width: 113,
        height: 18,
      },
      controlPoints: [
        {
          x: 1154,
          y: 757,
        },
        {
          x: 958,
          y: 821,
        },
      ],
      navigateTo: null,
      tags: null,
    },
    {
      id: '19tarpn',
      parent: null,
      source: 'mkicsai.app.api',
      target: 'storage.session_storage',
      label: 'Сессии',
      relations: [
        '1ferofm',
      ],
      color: 'gray',
      line: 'dashed',
      head: 'normal',
      points: [
        [
          1595,
          676,
        ],
        [
          1546,
          704,
        ],
        [
          1492,
          731,
        ],
        [
          1438,
          748,
        ],
        [
          1250,
          808,
        ],
        [
          1181,
          719,
        ],
        [
          995,
          787,
        ],
        [
          958,
          801,
        ],
        [
          922,
          821,
        ],
        [
          889,
          843,
        ],
      ],
      labelBBox: {
        x: 1378,
        y: 765,
        width: 51,
        height: 18,
      },
      controlPoints: [
        {
          x: 1378,
          y: 765,
        },
        {
          x: 1294,
          y: 810,
        },
      ],
      navigateTo: null,
      tags: null,
    },
    {
      id: '1nle8w1',
      parent: null,
      source: 'mkicsai.app.api',
      target: 'storage.nsi_storage',
      label: 'Чтение/запись НСИ',
      relations: [
        '1vqu01l',
      ],
      color: 'gray',
      line: 'dashed',
      head: 'normal',
      points: [
        [
          1615,
          676,
        ],
        [
          1548,
          728,
        ],
        [
          1470,
          790,
        ],
        [
          1402,
          843,
        ],
      ],
      labelBBox: {
        x: 1646,
        y: 766,
        width: 128,
        height: 18,
      },
      controlPoints: [
        {
          x: 1646,
          y: 766,
        },
        {
          x: 1620,
          y: 810,
        },
      ],
      navigateTo: null,
      tags: null,
    },
    {
      id: '3r2iav',
      parent: null,
      source: 'mkicsai.app.api',
      target: 'storage.stat_storage',
      label: 'Анализ статистики',
      relations: [
        'qm67d4',
      ],
      color: 'gray',
      line: 'dashed',
      head: 'normal',
      points: [
        [
          1762,
          676,
        ],
        [
          1762,
          727,
        ],
        [
          1762,
          786,
        ],
        [
          1762,
          837,
        ],
      ],
      labelBBox: {
        x: 1905,
        y: 771,
        width: 132,
        height: 18,
      },
      controlPoints: [
        {
          x: 1905,
          y: 771,
        },
        {
          x: 1936,
          y: 819,
        },
      ],
      navigateTo: null,
      tags: null,
    },
    {
      id: 'xzufe5',
      parent: null,
      source: 'mkicsai.app.api',
      target: 'storage.operational_storage',
      label: 'Анализ оперативных данных',
      relations: [
        'oyatp6',
      ],
      color: 'gray',
      line: 'dashed',
      head: 'normal',
      points: [
        [
          1910,
          676,
        ],
        [
          1977,
          728,
        ],
        [
          2055,
          790,
        ],
        [
          2123,
          843,
        ],
      ],
      labelBBox: {
        x: 1329,
        y: 302,
        width: 191,
        height: 18,
      },
      controlPoints: [
        {
          x: 1329,
          y: 302,
        },
        {
          x: 1212,
          y: 232,
        },
      ],
      navigateTo: null,
      tags: null,
    },
    {
      id: '22xua9',
      parent: null,
      source: 'mkicsai.app.api',
      target: 'storage.log_storage',
      label: 'Анализ журналов',
      relations: [
        '1xcrlbb',
      ],
      color: 'gray',
      line: 'dashed',
      head: 'normal',
      points: [
        [
          1977,
          603,
        ],
        [
          2136,
          639,
        ],
        [
          2355,
          699,
        ],
        [
          2534,
          787,
        ],
        [
          2566,
          803,
        ],
        [
          2598,
          823,
        ],
        [
          2629,
          844,
        ],
      ],
      labelBBox: {
        x: 1628,
        y: 302,
        width: 117,
        height: 18,
      },
      controlPoints: [
        {
          x: 1628,
          y: 302,
        },
        {
          x: 1591,
          y: 232,
        },
      ],
      navigateTo: null,
      tags: null,
    },
    {
      id: '195jt0o',
      parent: null,
      source: 'mkicsai.app.api',
      target: 'storage.external_storage',
      label: 'Анализ данных внешних сервисов',
      relations: [
        'cotc12',
      ],
      color: 'gray',
      line: 'dashed',
      head: 'normal',
      points: [
        [
          1977,
          570,
        ],
        [
          2235,
          587,
        ],
        [
          2677,
          639,
        ],
        [
          3025,
          787,
        ],
        [
          3059,
          802,
        ],
        [
          3093,
          822,
        ],
        [
          3124,
          843,
        ],
      ],
      labelBBox: {
        x: 1905,
        y: 300,
        width: 226,
        height: 18,
      },
      controlPoints: [
        {
          x: 1905,
          y: 300,
        },
        {
          x: 1944,
          y: 230,
        },
      ],
      navigateTo: null,
      tags: null,
    },
  ],
  _layout: 'manual',
}
