{
  _type: 'element',
  tags: null,
  links: null,
  _stage: 'layouted',
  sourcePath: 'mkicsai.c4',
  description: {
    md: 'Веб-приложение для управления работой системы, \r\nанализа работы оборудования и локомотивов, \r\nанализа качества распознавания прохождения подвижного состава.',
  },
  title: 'КИ-Ц САИ ПС.ИНП (SPA)',
  id: 'spa_view',
  autoLayout: {
    direction: 'TB',
  },
  notation: {
    nodes: [
      {
        title: 'Web-приложение',
        shape: 'browser',
        color: 'primary',
        kinds: [
          'spa',
        ],
      },
      {
        title: 'API',
        shape: 'component',
        color: 'primary',
        kinds: [
          'api',
        ],
      },
      {
        title: 'Пользователи системы',
        shape: 'person',
        color: 'green',
        kinds: [
          'staff',
        ],
      },
      {
        title: 'Контейнер системы',
        shape: 'rectangle',
        color: 'primary',
        kinds: [
          'container',
        ],
      },
      {
        title: 'Долговременное хранилище',
        shape: 'storage',
        color: 'indigo',
        kinds: [
          'storage',
        ],
      },
      {
        title: 'Кэш',
        shape: 'storage',
        color: 'indigo',
        kinds: [
          'cash',
        ],
      },
      {
        title: 'Хранилище логов',
        shape: 'storage',
        color: 'indigo',
        kinds: [
          'log_storage',
        ],
      },
      {
        title: 'Хранилище с кэшем.',
        shape: 'storage',
        color: 'indigo',
        kinds: [
          'cash_storage',
        ],
      },
    ],
  },
  hash: 'aWcwORnEs10RxsXC8nVafUXHNstDqc_-QW4pTDnWH9U',
  bounds: {
    x: 814,
    y: -662,
    width: 2044,
    height: 2412,
  },
  nodes: [
    {
      id: 'staff',
      parent: null,
      level: 0,
      children: [
        'staff.admin',
        'staff.operator',
      ],
      inEdges: [],
      outEdges: [
        '1bj8uhl',
        '4r9bfa',
      ],
      title: 'Пользователи системы',
      modelRef: 'staff',
      shape: 'person',
      color: 'green',
      style: {
        opacity: 10,
        size: 'md',
      },
      tags: [],
      notation: 'Пользователи системы',
      kind: 'staff',
      depth: 1,
      x: 834,
      y: 472,
      width: 491,
      height: 604,
      labelBBox: {
        x: 6,
        y: 0,
        width: 123,
        height: 15,
      },
      navigateTo: null,
      links: null,
    },
    {
      id: 'staff.admin',
      parent: 'staff',
      level: 1,
      children: [],
      inEdges: [],
      outEdges: [
        '1bj8uhl',
      ],
      title: 'Администраторы системы',
      modelRef: 'staff.admin',
      shape: 'person',
      color: 'green',
      style: {
        opacity: 10,
        size: 'md',
      },
      description: {
        txt: 'Анализ работы и настройка системы. Управление доступом к системе.',
      },
      tags: [],
      notation: 'Пользователи системы',
      kind: 'staff',
      x: 893,
      y: 532,
      width: 390,
      height: 180,
      labelBBox: {
        x: 18,
        y: 56,
        width: 354,
        height: 65,
      },
      navigateTo: null,
      links: null,
    },
    {
      id: 'staff.operator',
      parent: 'staff',
      level: 1,
      children: [],
      inEdges: [],
      outEdges: [
        '4r9bfa',
      ],
      title: 'Операторы',
      modelRef: 'staff.operator',
      shape: 'person',
      color: 'green',
      style: {
        opacity: 10,
        size: 'md',
      },
      description: {
        txt: 'Анализ работы и сбоев оборудования, анализ качества распознавания прохождения подвижного состава.',
      },
      tags: [],
      notation: 'Пользователи системы',
      kind: 'staff',
      x: 876,
      y: 854,
      width: 402,
      height: 180,
      labelBBox: {
        x: 18,
        y: 47,
        width: 367,
        height: 83,
      },
      navigateTo: null,
      links: null,
    },
    {
      id: 'mkicsai',
      parent: null,
      level: 0,
      children: [
        'mkicsai.app',
      ],
      inEdges: [
        '1bj8uhl',
        '4r9bfa',
      ],
      outEdges: [
        '1i6bflv',
        '19tarpn',
        '1nle8w1',
        '3r2iav',
        'xzufe5',
        '22xua9',
        '195jt0o',
      ],
      title: 'КИ-Ц САИ ПС.ИНП',
      modelRef: 'mkicsai',
      shape: 'rectangle',
      color: 'primary',
      style: {
        opacity: 10,
        size: 'xl',
      },
      description: {
        md: 'Концентратор информации центрального уровня предназначен для отслеживания \r\nв реальном времени прохождений железнодорожного подвижного состава через контрольные пункты.',
      },
      tags: [],
      notation: 'Контейнер системы',
      kind: 'container',
      depth: 2,
      x: 1426,
      y: 256,
      width: 753,
      height: 936,
      labelBBox: {
        x: 6,
        y: 0,
        width: 84,
        height: 15,
      },
      navigateTo: null,
      links: null,
    },
    {
      id: 'mkicsai.app',
      parent: 'mkicsai',
      level: 1,
      children: [
        'mkicsai.app.spa',
        'mkicsai.app.api',
      ],
      inEdges: [
        '1bj8uhl',
        '4r9bfa',
      ],
      outEdges: [
        '1i6bflv',
        '19tarpn',
        '1nle8w1',
        '3r2iav',
        'xzufe5',
        '22xua9',
        '195jt0o',
      ],
      title: 'КИ-Ц САИ ПС.ИНП (приложение)',
      modelRef: 'mkicsai.app',
      shape: 'rectangle',
      color: 'primary',
      style: {
        opacity: 10,
        size: 'xl',
      },
      description: {
        txt: 'Приложение для управления работой системы, анализа работы оборудования и локомотивов, анализа качества распознавания прохождения подвижного состава.',
      },
      tags: [],
      notation: 'Контейнер системы',
      kind: 'container',
      depth: 1,
      x: 1468,
      y: 316,
      width: 669,
      height: 834,
      labelBBox: {
        x: 6,
        y: 0,
        width: 156,
        height: 15,
      },
      navigateTo: null,
      links: null,
    },
    {
      id: 'mkicsai.app.spa',
      parent: 'mkicsai.app',
      level: 2,
      children: [],
      inEdges: [
        '1bj8uhl',
        '4r9bfa',
      ],
      outEdges: [
        '404tw0',
      ],
      title: 'Web-приложение',
      modelRef: 'mkicsai.app.spa',
      shape: 'browser',
      color: 'primary',
      style: {
        opacity: 10,
        size: 'lg',
      },
      description: {
        txt: 'Клиентская часть (desktop)',
      },
      tags: [],
      notation: 'Web-приложение',
      kind: 'spa',
      x: 1510,
      y: 376,
      width: 420,
      height: 234,
      labelBBox: {
        x: 90,
        y: 88,
        width: 239,
        height: 55,
      },
      navigateTo: null,
      links: null,
    },
    {
      id: 'mkicsai.app.api',
      parent: 'mkicsai.app',
      level: 2,
      children: [],
      inEdges: [
        '404tw0',
      ],
      outEdges: [
        '1i6bflv',
        '19tarpn',
        '1nle8w1',
        '3r2iav',
        'xzufe5',
        '22xua9',
        '195jt0o',
      ],
      title: 'API',
      modelRef: 'mkicsai.app.api',
      shape: 'component',
      color: 'primary',
      style: {
        opacity: 10,
        size: 'lg',
      },
      description: {
        txt: 'API для взаимодействия с сервисом.',
      },
      tags: [],
      notation: 'API',
      kind: 'api',
      x: 1665,
      y: 874,
      width: 430,
      height: 234,
      labelBBox: {
        x: 56,
        y: 88,
        width: 318,
        height: 55,
      },
      navigateTo: null,
      links: null,
    },
    {
      id: 'storage',
      parent: null,
      level: 0,
      children: [
        'storage.secret_storage',
        'storage.session_storage',
        'storage.nsi_storage',
        'storage.stat_storage',
        'storage.operational_storage',
        'storage.log_storage',
        'storage.external_storage',
      ],
      inEdges: [
        '1i6bflv',
        '19tarpn',
        '1nle8w1',
        '3r2iav',
        'xzufe5',
        '22xua9',
        '195jt0o',
      ],
      outEdges: [],
      title: 'Хранилище',
      modelRef: 'storage',
      shape: 'storage',
      color: 'indigo',
      style: {
        opacity: 10,
        size: 'lg',
      },
      tags: [],
      notation: 'Долговременное хранилище',
      kind: 'storage',
      depth: 1,
      x: 2271,
      y: -642,
      width: 567,
      height: 2372,
      labelBBox: {
        x: 6,
        y: 0,
        width: 59,
        height: 15,
      },
      navigateTo: null,
      links: null,
    },
    {
      id: 'storage.secret_storage',
      parent: 'storage',
      level: 1,
      children: [],
      inEdges: [
        '1i6bflv',
      ],
      outEdges: [],
      title: 'Секреты',
      modelRef: 'storage.secret_storage',
      shape: 'storage',
      color: 'indigo',
      style: {
        opacity: 10,
        size: 'lg',
      },
      description: {
        txt: 'Хранилище данных для аутентификации и авторизации.',
      },
      tags: [],
      notation: 'Долговременное хранилище',
      kind: 'storage',
      x: 2353,
      y: -582,
      width: 420,
      height: 234,
      labelBBox: {
        x: 33,
        y: 77,
        width: 354,
        height: 77,
      },
      navigateTo: null,
      links: null,
    },
    {
      id: 'storage.session_storage',
      parent: 'storage',
      level: 1,
      children: [],
      inEdges: [
        '19tarpn',
      ],
      outEdges: [],
      title: 'Сессий',
      modelRef: 'storage.session_storage',
      shape: 'storage',
      color: 'indigo',
      style: {
        opacity: 10,
        size: 'lg',
      },
      description: {
        txt: 'Хранилище данных для сессий пользователей.',
      },
      tags: [],
      notation: 'Кэш',
      kind: 'cash',
      x: 2345,
      y: -232,
      width: 451,
      height: 234,
      labelBBox: {
        x: 26,
        y: 88,
        width: 399,
        height: 55,
      },
      navigateTo: null,
      links: null,
    },
    {
      id: 'storage.nsi_storage',
      parent: 'storage',
      level: 1,
      children: [],
      inEdges: [
        '1nle8w1',
      ],
      outEdges: [],
      title: 'НСИ',
      modelRef: 'storage.nsi_storage',
      shape: 'storage',
      color: 'indigo',
      style: {
        opacity: 10,
        size: 'lg',
      },
      description: {
        txt: 'Хранилище данных для нормативно справочной информации.',
      },
      tags: [],
      notation: 'Долговременное хранилище',
      kind: 'storage',
      x: 2334,
      y: 120,
      width: 456,
      height: 234,
      labelBBox: {
        x: 26,
        y: 77,
        width: 404,
        height: 77,
      },
      navigateTo: null,
      links: null,
    },
    {
      id: 'storage.stat_storage',
      parent: 'storage',
      level: 1,
      children: [],
      inEdges: [
        '3r2iav',
      ],
      outEdges: [],
      title: 'Статистика',
      modelRef: 'storage.stat_storage',
      shape: 'storage',
      color: 'indigo',
      style: {
        opacity: 10,
        size: 'lg',
      },
      description: {
        txt: 'Хранилище статистических для улучшения качества расшифровки прохождения подвижного состава.',
      },
      tags: [],
      notation: 'Долговременное хранилище',
      kind: 'storage',
      x: 2313,
      y: 442,
      width: 471,
      height: 234,
      labelBBox: {
        x: 26,
        y: 67,
        width: 419,
        height: 98,
      },
      navigateTo: null,
      links: null,
    },
    {
      id: 'storage.operational_storage',
      parent: 'storage',
      level: 1,
      children: [],
      inEdges: [
        'xzufe5',
      ],
      outEdges: [],
      title: 'Оперативные данные',
      modelRef: 'storage.operational_storage',
      shape: 'storage',
      color: 'indigo',
      style: {
        opacity: 10,
        size: 'lg',
      },
      description: {
        txt: 'Входящие сообщения, результаты расшифровки, результаты анализа ошибок, подготовленные сообщения 2033, сообщения ECMA.',
      },
      tags: [],
      notation: 'Хранилище логов',
      kind: 'log_storage',
      x: 2317,
      y: 803,
      width: 461,
      height: 234,
      labelBBox: {
        x: 26,
        y: 67,
        width: 409,
        height: 98,
      },
      navigateTo: null,
      links: null,
    },
    {
      id: 'storage.log_storage',
      parent: 'storage',
      level: 1,
      children: [],
      inEdges: [
        '22xua9',
      ],
      outEdges: [],
      title: 'Журналы и мониторинг',
      modelRef: 'storage.log_storage',
      shape: 'storage',
      color: 'indigo',
      style: {
        opacity: 10,
        size: 'lg',
      },
      description: {
        txt: 'Журналы работы рабочих процессов, журналы ошибок, журналы мониторинга.',
      },
      tags: [],
      notation: 'Хранилище логов',
      kind: 'log_storage',
      x: 2346,
      y: 1140,
      width: 441,
      height: 234,
      labelBBox: {
        x: 26,
        y: 77,
        width: 389,
        height: 77,
      },
      navigateTo: null,
      links: null,
    },
    {
      id: 'storage.external_storage',
      parent: 'storage',
      level: 1,
      children: [],
      inEdges: [
        '195jt0o',
      ],
      outEdges: [],
      title: 'Данные внешних сервисов',
      modelRef: 'storage.external_storage',
      shape: 'storage',
      color: 'indigo',
      style: {
        opacity: 10,
        size: 'lg',
      },
      description: {
        txt: 'Данные внешних сервисов, полученные из ЕС ПУЛ, ЕМД ПП',
      },
      tags: [],
      notation: 'Хранилище с кэшем.',
      kind: 'cash_storage',
      x: 2359,
      y: 1454,
      width: 436,
      height: 234,
      labelBBox: {
        x: 26,
        y: 77,
        width: 384,
        height: 77,
      },
      navigateTo: null,
      links: null,
    },
  ],
  edges: [
    {
      id: '404tw0',
      parent: 'mkicsai.app',
      source: 'mkicsai.app.spa',
      target: 'mkicsai.app.api',
      label: 'Использует',
      relations: [
        '1rfyalp',
      ],
      color: 'gray',
      line: 'dashed',
      head: 'normal',
      points: [
        [
          1930,
          493,
        ],
        [
          1989,
          493,
        ],
        [
          2054,
          493,
        ],
        [
          2114,
          493,
        ],
      ],
      labelBBox: {
        x: 1789,
        y: 684,
        width: 82,
        height: 18,
      },
      controlPoints: [
        {
          x: 1797,
          y: 734,
        },
      ],
      navigateTo: null,
      tags: null,
    },
    {
      id: '1bj8uhl',
      parent: null,
      source: 'staff.admin',
      target: 'mkicsai.app.spa',
      label: 'Управление',
      relations: [
        '7iox0l',
      ],
      color: 'gray',
      line: 'dashed',
      head: 'normal',
      points: [
        [
          1095,
          249,
        ],
        [
          1136,
          307,
        ],
        [
          1190,
          382,
        ],
        [
          1235,
          446,
        ],
      ],
      labelBBox: {
        x: 1331,
        y: 566,
        width: 82,
        height: 18,
      },
      controlPoints: [
        {
          x: 1348,
          y: 568,
        },
      ],
      navigateTo: null,
      tags: null,
    },
    {
      id: '4r9bfa',
      parent: null,
      source: 'staff.operator',
      target: 'mkicsai.app.spa',
      label: 'Анализ и настройка',
      relations: [
        '1vb8rv1',
      ],
      color: 'gray',
      line: 'dashed',
      head: 'normal',
      points: [
        [
          1491,
          249,
        ],
        [
          1461,
          306,
        ],
        [
          1422,
          382,
        ],
        [
          1389,
          445,
        ],
      ],
      labelBBox: {
        x: 1309,
        y: 780,
        width: 136,
        height: 18,
      },
      controlPoints: [
        {
          x: 1371,
          y: 737,
        },
      ],
      navigateTo: null,
      tags: null,
    },
    {
      id: '1i6bflv',
      parent: null,
      source: 'mkicsai.app.api',
      target: 'storage.secret_storage',
      label: 'Аутентификация',
      relations: [
        '191y6t5',
      ],
      color: 'gray',
      line: 'dashed',
      head: 'normal',
      points: [
        [
          1764,
          688,
        ],
        [
          1709,
          717,
        ],
        [
          1648,
          745,
        ],
        [
          1588,
          760,
        ],
        [
          1555,
          769,
        ],
        [
          1014,
          767,
        ],
        [
          980,
          768,
        ],
        [
          777,
          777,
        ],
        [
          716,
          734,
        ],
        [
          523,
          799,
        ],
        [
          483,
          813,
        ],
        [
          444,
          834,
        ],
        [
          408,
          857,
        ],
      ],
      labelBBox: {
        x: 2250,
        y: 127,
        width: 113,
        height: 18,
      },
      controlPoints: [
        {
          x: 2030,
          y: 834,
        },
        {
          x: 2221,
          y: 234,
        },
        {
          x: 2298,
          y: -53,
        },
        {
          x: 2425,
          y: -371,
        },
      ],
      navigateTo: null,
      tags: null,
    },
    {
      id: '19tarpn',
      parent: null,
      source: 'mkicsai.app.api',
      target: 'storage.session_storage',
      label: 'Сессии',
      relations: [
        '1ferofm',
      ],
      color: 'gray',
      line: 'dashed',
      head: 'normal',
      points: [
        [
          1758,
          688,
        ],
        [
          1705,
          717,
        ],
        [
          1646,
          744,
        ],
        [
          1588,
          760,
        ],
        [
          1373,
          823,
        ],
        [
          1298,
          729,
        ],
        [
          1085,
          799,
        ],
        [
          1044,
          813,
        ],
        [
          1002,
          834,
        ],
        [
          964,
          857,
        ],
      ],
      labelBBox: {
        x: 2167,
        y: 622,
        width: 51,
        height: 18,
      },
      controlPoints: [
        {
          x: 2095,
          y: 741,
        },
        {
          x: 2233,
          y: 398,
        },
        {
          x: 2364,
          y: 77,
        },
      ],
      navigateTo: null,
      tags: null,
    },
    {
      id: '1nle8w1',
      parent: null,
      source: 'mkicsai.app.api',
      target: 'storage.nsi_storage',
      label: 'Чтение/запись НСИ',
      relations: [
        '1vqu01l',
      ],
      color: 'gray',
      line: 'dashed',
      head: 'normal',
      points: [
        [
          1778,
          688,
        ],
        [
          1702,
          741,
        ],
        [
          1613,
          804,
        ],
        [
          1537,
          857,
        ],
      ],
      labelBBox: {
        x: 2211,
        y: 611,
        width: 128,
        height: 18,
      },
      controlPoints: [
        {
          x: 2214,
          y: 613,
        },
      ],
      navigateTo: null,
      tags: null,
    },
    {
      id: '3r2iav',
      parent: null,
      source: 'mkicsai.app.api',
      target: 'storage.stat_storage',
      label: 'Анализ статистики',
      relations: [
        'qm67d4',
      ],
      color: 'gray',
      line: 'dashed',
      head: 'normal',
      points: [
        [
          1942,
          688,
        ],
        [
          1942,
          739,
        ],
        [
          1942,
          798,
        ],
        [
          1942,
          849,
        ],
      ],
      labelBBox: {
        x: 2201,
        y: 778,
        width: 132,
        height: 18,
      },
      controlPoints: [
        {
          x: 2198,
          y: 780,
        },
      ],
      navigateTo: null,
      tags: null,
    },
    {
      id: 'xzufe5',
      parent: null,
      source: 'mkicsai.app.api',
      target: 'storage.operational_storage',
      label: 'Анализ оперативных данных',
      relations: [
        'oyatp6',
      ],
      color: 'gray',
      line: 'dashed',
      head: 'normal',
      points: [
        [
          2107,
          688,
        ],
        [
          2182,
          741,
        ],
        [
          2272,
          804,
        ],
        [
          2348,
          857,
        ],
      ],
      labelBBox: {
        x: 2217,
        y: 944,
        width: 191,
        height: 18,
      },
      controlPoints: [
        {
          x: 2205,
          y: 954,
        },
      ],
      navigateTo: null,
      tags: null,
    },
    {
      id: '22xua9',
      parent: null,
      source: 'mkicsai.app.api',
      target: 'storage.log_storage',
      label: 'Анализ журналов',
      relations: [
        '1xcrlbb',
      ],
      color: 'gray',
      line: 'dashed',
      head: 'normal',
      points: [
        [
          2157,
          609,
        ],
        [
          2335,
          645,
        ],
        [
          2593,
          706,
        ],
        [
          2804,
          799,
        ],
        [
          2841,
          815,
        ],
        [
          2878,
          836,
        ],
        [
          2913,
          858,
        ],
      ],
      labelBBox: {
        x: 2333,
        y: 1123,
        width: 117,
        height: 18,
      },
      controlPoints: [
        {
          x: 2156,
          y: 1066,
        },
        {
          x: 2394,
          y: 1161,
        },
      ],
      navigateTo: null,
      tags: null,
    },
    {
      id: '195jt0o',
      parent: null,
      source: 'mkicsai.app.api',
      target: 'storage.external_storage',
      label: 'Анализ данных внешних сервисов',
      relations: [
        'cotc12',
      ],
      color: 'gray',
      line: 'dashed',
      head: 'normal',
      points: [
        [
          2157,
          579,
        ],
        [
          2440,
          595,
        ],
        [
          2950,
          643,
        ],
        [
          3355,
          799,
        ],
        [
          3394,
          814,
        ],
        [
          3433,
          835,
        ],
        [
          3468,
          857,
        ],
      ],
      labelBBox: {
        x: 2446,
        y: 1352,
        width: 226,
        height: 18,
      },
      controlPoints: [
        {
          x: 2194,
          y: 1153,
        },
        {
          x: 2484,
          y: 1412,
        },
      ],
      navigateTo: null,
      tags: null,
    },
  ],
  _layout: 'manual',
}
